11-27 18:32:20.504     0     0 E         : [3:dhd_rpm_state_t: 3977] exynos-pcie 13ed0000.pcie0: phy clk enable, ret value = 0
11-27 18:32:20.505     0     0 E         : [3:dhd_rpm_state_t: 3977] exynos-pcie 13ed0000.pcie0: l1ss disabled(0x10)
11-27 18:32:22.269  6771 13460 E WifiHAL : Creating message to get cached scan results
11-27 18:32:22.274  7187  7545 E WifiStaIfaceAidlImpl: getCachedScanData failed with service-specific exception: android.os.ServiceSpecificException:  (code 4)
11-27 18:32:24.112     0     0 E         : [2:dhd_rpm_state_t: 3977] exynos-pcie 13ed0000.pcie0: Current LTSSM State is 0xd with retry_cnt =0.
11-27 18:32:24.112     0     0 E         : [2:dhd_rpm_state_t: 3977] exynos-pcie 13ed0000.pcie0: ack message is ok
11-27 18:32:24.113     0     0 E         : [2:dhd_rpm_state_t: 3977] exynos-pcie 13ed0000.pcie0: received Enter_L23_READY DLLP packet
11-27 18:32:25.096     0     0 E         : [1:dhd_rpm_state_t: 3977] exynos-pcie 13ed0000.pcie0: pcie clk enable, ret value = 0
11-27 18:32:25.116     0     0 E         : [0:dhd_rpm_state_t: 3977] exynos-pcie 13ed0000.pcie0: phy clk enable, ret value = 0
11-27 18:32:25.117     0     0 E         : [0:dhd_rpm_state_t: 3977] exynos-pcie 13ed0000.pcie0: l1ss disabled(0x10)
11-27 18:32:25.380  6771 13460 E WifiHAL : Creating message to get cached scan results
11-27 18:32:25.385  7187  7545 E WifiStaIfaceAidlImpl: getCachedScanData failed with service-specific exception: android.os.ServiceSpecificException:  (code 4)
11-27 18:32:26.540     0     0 E         : [3:dhd_rpm_state_t: 3977] exynos-pcie 13ed0000.pcie0: Current LTSSM State is 0xd with retry_cnt =0.
11-27 18:32:26.540     0     0 E         : [3:dhd_rpm_state_t: 3977] exynos-pcie 13ed0000.pcie0: ack message is ok
11-27 18:32:26.540     0     0 E         : [3:dhd_rpm_state_t: 3977] exynos-pcie 13ed0000.pcie0: received Enter_L23_READY DLLP packet
11-27 18:32:26.939     0     0 E         : [3:dhd_rpm_state_t: 3977] exynos-pcie 13ed0000.pcie0: pcie clk enable, ret value = 0
11-27 18:32:26.959     0     0 E         : [3:dhd_rpm_state_t: 3977] exynos-pcie 13ed0000.pcie0: phy clk enable, ret value = 0
11-27 18:32:26.960     0     0 E         : [3:dhd_rpm_state_t: 3977] exynos-pcie 13ed0000.pcie0: l1ss disabled(0x10)
11-27 18:32:28.157     0     0 E         : [3:dhd_rpm_state_t: 3977] exynos-pcie 13ed0000.pcie0: Current LTSSM State is 0xd with retry_cnt =0.
11-27 18:32:28.157     0     0 E         : [3:dhd_rpm_state_t: 3977] exynos-pcie 13ed0000.pcie0: ack message is ok
11-27 18:32:28.157     0     0 E         : [3:dhd_rpm_state_t: 3977] exynos-pcie 13ed0000.pcie0: received Enter_L23_READY DLLP packet
11-27 18:32:28.440     0     0 E         : [2:dhd_rpm_state_t: 3977] exynos-pcie 13ed0000.pcie0: pcie clk enable, ret value = 0
11-27 18:32:28.460     0     0 E         : [0:dhd_rpm_state_t: 3977] exynos-pcie 13ed0000.pcie0: phy clk enable, ret value = 0
11-27 18:32:28.461     0     0 E         : [0:dhd_rpm_state_t: 3977] exynos-pcie 13ed0000.pcie0: l1ss disabled(0x10)
11-27 18:32:28.525  6771 13460 E WifiHAL : Creating message to get cached scan results
11-27 18:32:28.526  7187  7545 E WifiStaIfaceAidlImpl: getCachedScanData failed with service-specific exception: android.os.ServiceSpecificException:  (code 4)
11-27 18:32:29.663     0     0 E         : [1:dhd_rpm_state_t: 3977] exynos-pcie 13ed0000.pcie0: Current LTSSM State is 0xd with retry_cnt =0.
11-27 18:32:29.664     0     0 E         : [1:dhd_rpm_state_t: 3977] exynos-pcie 13ed0000.pcie0: ack message is ok
11-27 18:32:29.664     0     0 E         : [1:dhd_rpm_state_t: 3977] exynos-pcie 13ed0000.pcie0: received Enter_L23_READY DLLP packet
11-27 18:32:30.931     0     0 E         : [1:dhd_rpm_state_t: 3977] exynos-pcie 13ed0000.pcie0: pcie clk enable, ret value = 0
11-27 18:32:30.951     0     0 E         : [0:dhd_rpm_state_t: 3977] exynos-pcie 13ed0000.pcie0: phy clk enable, ret value = 0
11-27 18:32:30.952     0     0 E         : [0:dhd_rpm_state_t: 3977] exynos-pcie 13ed0000.pcie0: l1ss disabled(0x10)
11-27 18:32:31.638  6771 13460 E WifiHAL : Creating message to get cached scan results
11-27 18:32:31.642  7187  7545 E WifiStaIfaceAidlImpl: getCachedScanData failed with service-specific exception: android.os.ServiceSpecificException:  (code 4)
11-27 18:32:31.652 12559 12664 E Cello   : [12664:NonCelloThread] drive_v2_cloud_store.cc:6855:DumpToLog Request 0xb4000078972630b0: 0 transport: drive::ds::Status::UNAVAILABLE_WHILE_OFFLINE reader: drive::ds::Status::SUCCESS url: https://play.googleapis.com/log
11-27 18:32:31.652 12559 12664 E Cello   : [12664:NonCelloThread] drive_v2_cloud_store.cc:6855:DumpToLog req.hdr 0xb4000078972630b0: Content-Type=
11-27 18:32:31.652 12559 12664 E Cello   : [12664:NonCelloThread] drive_v2_cloud_store.cc:6855:DumpToLog Response body 0xb4000078972630b0: (no response body)
11-27 18:32:31.657 12559 12666 E Cello   : [12666:MetricsTransportThread-CELLO] metrics_transport.cc:242:SendRequest Request failed: drive::ds::Status::UNAVAILABLE_WHILE_OFFLINE
11-27 18:32:34.267     0     0 E         : [1:dhd_rpm_state_t: 3977] exynos-pcie 13ed0000.pcie0: Current LTSSM State is 0xd with retry_cnt =0.
11-27 18:32:34.268     0     0 E         : [1:dhd_rpm_state_t: 3977] exynos-pcie 13ed0000.pcie0: ack message is ok
11-27 18:32:34.268     0     0 E         : [1:dhd_rpm_state_t: 3977] exynos-pcie 13ed0000.pcie0: received Enter_L23_READY DLLP packet
11-27 18:32:34.697     0     0 E         : [2:dhd_rpm_state_t: 3977] exynos-pcie 13ed0000.pcie0: pcie clk enable, ret value = 0
11-27 18:32:34.716     0     0 E         : [3:dhd_rpm_state_t: 3977] exynos-pcie 13ed0000.pcie0: phy clk enable, ret value = 0
11-27 18:32:34.717     0     0 E         : [3:dhd_rpm_state_t: 3977] exynos-pcie 13ed0000.pcie0: l1ss disabled(0x10)
11-27 18:32:34.782  6771 13460 E WifiHAL : Creating message to get cached scan results
11-27 18:32:34.782  7187  7545 E WifiStaIfaceAidlImpl: getCachedScanData failed with service-specific exception: android.os.ServiceSpecificException:  (code 4)
11-27 18:32:37.888  6771 13460 E WifiHAL : Creating message to get cached scan results
11-27 18:32:37.889  7187  7545 E WifiStaIfaceAidlImpl: getCachedScanData failed with service-specific exception: android.os.ServiceSpecificException:  (code 4)
11-27 18:32:40.087     0     0 E         : [3:dhd_rpm_state_t: 3977] exynos-pcie 13ed0000.pcie0: Current LTSSM State is 0xd with retry_cnt =0.
11-27 18:32:40.087     0     0 E         : [3:dhd_rpm_state_t: 3977] exynos-pcie 13ed0000.pcie0: ack message is ok
11-27 18:32:40.087     0     0 E         : [3:dhd_rpm_state_t: 3977] exynos-pcie 13ed0000.pcie0: received Enter_L23_READY DLLP packet
11-27 18:32:40.950     0     0 E         : [1:dhd_rpm_state_t: 3977] exynos-pcie 13ed0000.pcie0: pcie clk enable, ret value = 0
11-27 18:32:40.969     0     0 E         : [3:dhd_rpm_state_t: 3977] exynos-pcie 13ed0000.pcie0: phy clk enable, ret value = 0
11-27 18:32:40.970     0     0 E         : [3:dhd_rpm_state_t: 3977] exynos-pcie 13ed0000.pcie0: l1ss disabled(0x10)
11-27 18:32:41.033  6771 13460 E WifiHAL : Creating message to get cached scan results
11-27 18:32:41.034  7187  7545 E WifiStaIfaceAidlImpl: getCachedScanData failed with service-specific exception: android.os.ServiceSpecificException:  (code 4)
11-27 18:32:42.280     0     0 E         : [0:dhd_rpm_state_t: 3977] exynos-pcie 13ed0000.pcie0: Current LTSSM State is 0xd with retry_cnt =0.
11-27 18:32:42.280     0     0 E         : [0:dhd_rpm_state_t: 3977] exynos-pcie 13ed0000.pcie0: ack message is ok
11-27 18:32:42.280     0     0 E         : [0:dhd_rpm_state_t: 3977] exynos-pcie 13ed0000.pcie0: received Enter_L23_READY DLLP packet
11-27 18:32:42.913     0     0 E         : [0:dhd_rpm_state_t: 3977] exynos-pcie 13ed0000.pcie0: pcie clk enable, ret value = 0
11-27 18:32:42.932     0     0 E         : [3:dhd_rpm_state_t: 3977] exynos-pcie 13ed0000.pcie0: phy clk enable, ret value = 0
11-27 18:32:42.933     0     0 E         : [3:dhd_rpm_state_t: 3977] exynos-pcie 13ed0000.pcie0: l1ss disabled(0x10)
11-27 18:32:44.124     0     0 E         : [2:dhd_rpm_state_t: 3977] exynos-pcie 13ed0000.pcie0: Current LTSSM State is 0xd with retry_cnt =0.
11-27 18:32:44.124     0     0 E         : [2:dhd_rpm_state_t: 3977] exynos-pcie 13ed0000.pcie0: ack message is ok
11-27 18:32:44.124     0     0 E         : [2:dhd_rpm_state_t: 3977] exynos-pcie 13ed0000.pcie0: received Enter_L23_READY DLLP packet
11-27 18:32:44.125     0     0 E         : [2:dhd_rpm_state_t: 3977] exynos-pcie 13ed0000.pcie0: pcie clk enable, ret value = 0
11-27 18:32:44.144     0     0 E         : [1:dhd_rpm_state_t: 3977] exynos-pcie 13ed0000.pcie0: phy clk enable, ret value = 0
11-27 18:32:44.145     0     0 E         : [1:dhd_rpm_state_t: 3977] exynos-pcie 13ed0000.pcie0: l1ss disabled(0x10)
11-27 18:32:44.207  6771 13460 E IPCThreadState: binder thread pool (1 threads) starved for 108 ms
11-27 18:32:44.210  6771 13460 E WifiHAL : Creating message to get cached scan results
11-27 18:32:44.211  7187  7545 E WifiStaIfaceAidlImpl: getCachedScanData failed with service-specific exception: android.os.ServiceSpecificException:  (code 4)
11-27 18:32:46.228     0     0 E         : [3:dhd_rpm_state_t: 3977] exynos-pcie 13ed0000.pcie0: Current LTSSM State is 0x14 with retry_cnt =0.
11-27 18:32:46.250     0     0 E         : [3:dhd_rpm_state_t: 3977] exynos-pcie 13ed0000.pcie0: cannot receive ack message from wifi
11-27 18:32:46.273     0     0 E         : [3:dhd_rpm_state_t: 3977] exynos-pcie 13ed0000.pcie0: Current LTSSM State is 0xd with retry_cnt =1.
11-27 18:32:46.273     0     0 E         : [3:dhd_rpm_state_t: 3977] exynos-pcie 13ed0000.pcie0: cannot receive ack message from wifi
11-27 18:32:46.273     0     0 E         : [3:dhd_rpm_state_t: 3977] exynos-pcie 13ed0000.pcie0: received Enter_L23_READY DLLP packet
11-27 18:32:46.907     0     0 E         : [2:dhd_rpm_state_t: 3977] exynos-pcie 13ed0000.pcie0: pcie clk enable, ret value = 0
11-27 18:32:46.928     0     0 E         : [1:dhd_rpm_state_t: 3977] exynos-pcie 13ed0000.pcie0: phy clk enable, ret value = 0
11-27 18:32:46.929     0     0 E         : [1:dhd_rpm_state_t: 3977] exynos-pcie 13ed0000.pcie0: l1ss disabled(0x10)
11-27 18:32:47.306  6771 13460 E WifiHAL : Creating message to get cached scan results
11-27 18:32:47.307  7187  7545 E WifiStaIfaceAidlImpl: getCachedScanData failed with service-specific exception: android.os.ServiceSpecificException:  (code 4)
11-27 18:32:48.454     0     0 E         : [3:dhd_rpm_state_t: 3977] exynos-pcie 13ed0000.pcie0: Current LTSSM State is 0x14 with retry_cnt =0.
11-27 18:32:48.476     0     0 E         : [3:dhd_rpm_state_t: 3977] exynos-pcie 13ed0000.pcie0: cannot receive ack message from wifi
11-27 18:32:48.499     0     0 E         : [3:dhd_rpm_state_t: 3977] exynos-pcie 13ed0000.pcie0: Current LTSSM State is 0xd with retry_cnt =1.
11-27 18:32:48.499     0     0 E         : [3:dhd_rpm_state_t: 3977] exynos-pcie 13ed0000.pcie0: cannot receive ack message from wifi
11-27 18:32:48.499     0     0 E         : [3:dhd_rpm_state_t: 3977] exynos-pcie 13ed0000.pcie0: received Enter_L23_READY DLLP packet
11-27 18:32:49.057     0     0 E         : [3:dhd_rpm_state_t: 3977] exynos-pcie 13ed0000.pcie0: pcie clk enable, ret value = 0
11-27 18:32:49.076     0     0 E         : [3:dhd_rpm_state_t: 3977] exynos-pcie 13ed0000.pcie0: phy clk enable, ret value = 0
11-27 18:32:49.077     0     0 E         : [3:dhd_rpm_state_t: 3977] exynos-pcie 13ed0000.pcie0: l1ss disabled(0x10)
11-27 18:32:50.289     0     0 E         : [3:dhd_rpm_state_t: 3977] exynos-pcie 13ed0000.pcie0: Current LTSSM State is 0xd with retry_cnt =0.
11-27 18:32:50.289     0     0 E         : [3:dhd_rpm_state_t: 3977] exynos-pcie 13ed0000.pcie0: ack message is ok
11-27 18:32:50.289     0     0 E         : [3:dhd_rpm_state_t: 3977] exynos-pcie 13ed0000.pcie0: received Enter_L23_READY DLLP packet
11-27 18:32:50.358     0     0 E         : [0:dhd_rpm_state_t: 3977] exynos-pcie 13ed0000.pcie0: pcie clk enable, ret value = 0
11-27 18:32:50.378     0     0 E         : [3:dhd_rpm_state_t: 3977] exynos-pcie 13ed0000.pcie0: phy clk enable, ret value = 0
11-27 18:32:50.379     0     0 E         : [3:dhd_rpm_state_t: 3977] exynos-pcie 13ed0000.pcie0: l1ss disabled(0x10)
11-27 18:32:50.435  6771 13460 E WifiHAL : Creating message to get cached scan results
11-27 18:32:50.435  7187  7545 E WifiStaIfaceAidlImpl: getCachedScanData failed with service-specific exception: android.os.ServiceSpecificException:  (code 4)
11-27 18:32:52.000     0     0 E         : [3:dhd_rpm_state_t: 3977] exynos-pcie 13ed0000.pcie0: Current LTSSM State is 0xd with retry_cnt =0.
11-27 18:32:52.000     0     0 E         : [3:dhd_rpm_state_t: 3977] exynos-pcie 13ed0000.pcie0: ack message is ok
11-27 18:32:52.000     0     0 E         : [3:dhd_rpm_state_t: 3977] exynos-pcie 13ed0000.pcie0: received Enter_L23_READY DLLP packet
11-27 18:32:52.737     0     0 E         : [3:dhd_rpm_state_t: 3977] exynos-pcie 13ed0000.pcie0: pcie clk enable, ret value = 0
11-27 18:32:52.756     0     0 E         : [3:dhd_rpm_state_t: 3977] exynos-pcie 13ed0000.pcie0: phy clk enable, ret value = 0
11-27 18:32:52.757     0     0 E         : [3:dhd_rpm_state_t: 3977] exynos-pcie 13ed0000.pcie0: l1ss disabled(0x10)
11-27 18:32:53.547  6771 13460 E WifiHAL : Creating message to get cached scan results
11-27 18:32:53.549  7187  7545 E WifiStaIfaceAidlImpl: getCachedScanData failed with service-specific exception: android.os.ServiceSpecificException:  (code 4)
11-27 18:32:54.706     0     0 E         : [3:dhd_rpm_state_t: 3977] exynos-pcie 13ed0000.pcie0: Current LTSSM State is 0x14 with retry_cnt =0.
11-27 18:32:54.728     0     0 E         : [3:dhd_rpm_state_t: 3977] exynos-pcie 13ed0000.pcie0: cannot receive ack message from wifi
11-27 18:32:54.750     0     0 E         : [3:dhd_rpm_state_t: 3977] exynos-pcie 13ed0000.pcie0: Current LTSSM State is 0xd with retry_cnt =1.
11-27 18:32:54.750     0     0 E         : [3:dhd_rpm_state_t: 3977] exynos-pcie 13ed0000.pcie0: cannot receive ack message from wifi
11-27 18:32:54.750     0     0 E         : [3:dhd_rpm_state_t: 3977] exynos-pcie 13ed0000.pcie0: received Enter_L23_READY DLLP packet
11-27 18:32:54.894     0     0 E         : [3:dhd_rpm_state_t: 3977] exynos-pcie 13ed0000.pcie0: pcie clk enable, ret value = 0
11-27 18:32:54.914     0     0 E         : [3:dhd_rpm_state_t: 3977] exynos-pcie 13ed0000.pcie0: phy clk enable, ret value = 0
11-27 18:32:54.915     0     0 E         : [3:dhd_rpm_state_t: 3977] exynos-pcie 13ed0000.pcie0: l1ss disabled(0x10)
11-27 18:32:56.335     0     0 E         : [3:dhd_rpm_state_t: 3977] exynos-pcie 13ed0000.pcie0: Current LTSSM State is 0xd with retry_cnt =0.
11-27 18:32:56.336     0     0 E         : [3:dhd_rpm_state_t: 3977] exynos-pcie 13ed0000.pcie0: ack message is ok
11-27 18:32:56.336     0     0 E         : [3:dhd_rpm_state_t: 3977] exynos-pcie 13ed0000.pcie0: received Enter_L23_READY DLLP packet
11-27 18:32:56.601     0     0 E         : [3:dhd_rpm_state_t: 3977] exynos-pcie 13ed0000.pcie0: pcie clk enable, ret value = 0
11-27 18:32:56.620     0     0 E         : [3:dhd_rpm_state_t: 3977] exynos-pcie 13ed0000.pcie0: phy clk enable, ret value = 0
11-27 18:32:56.621     0     0 E         : [3:dhd_rpm_state_t: 3977] exynos-pcie 13ed0000.pcie0: l1ss disabled(0x10)
11-27 18:32:56.670  6771 13460 E WifiHAL : Creating message to get cached scan results
11-27 18:32:56.673  7187  7545 E WifiStaIfaceAidlImpl: getCachedScanData failed with service-specific exception: android.os.ServiceSpecificException:  (code 4)
11-27 18:32:59.769  6771 13460 E WifiHAL : Creating message to get cached scan results
11-27 18:32:59.772  7187  7545 E WifiStaIfaceAidlImpl: getCachedScanData failed with service-specific exception: android.os.ServiceSpecificException:  (code 4)
11-27 18:33:00.972     0     0 E         : [2:dhd_rpm_state_t: 3977] exynos-pcie 13ed0000.pcie0: Current LTSSM State is 0xd with retry_cnt =0.
11-27 18:33:00.972     0     0 E         : [2:dhd_rpm_state_t: 3977] exynos-pcie 13ed0000.pcie0: ack message is ok
11-27 18:33:00.973     0     0 E         : [2:dhd_rpm_state_t: 3977] exynos-pcie 13ed0000.pcie0: received Enter_L23_READY DLLP packet
11-27 18:33:02.817     0     0 E         : [3:dhd_rpm_state_t: 3977] exynos-pcie 13ed0000.pcie0: pcie clk enable, ret value = 0
11-27 18:33:02.836     0     0 E         : [0:dhd_rpm_state_t: 3977] exynos-pcie 13ed0000.pcie0: phy clk enable, ret value = 0
11-27 18:33:02.840     0     0 E         : [0:dhd_rpm_state_t: 3977] exynos-pcie 13ed0000.pcie0: l1ss disabled(0x10)
11-27 18:33:02.892  6771 13460 E WifiHAL : Creating message to get cached scan results
11-27 18:33:02.892  7187  7545 E WifiStaIfaceAidlImpl: getCachedScanData failed with service-specific exception: android.os.ServiceSpecificException:  (code 4)
11-27 18:33:05.999  6771  6771 E WifiHAL : Creating message to get cached scan results
11-27 18:33:06.001  7187  7545 E WifiStaIfaceAidlImpl: getCachedScanData failed with service-specific exception: android.os.ServiceSpecificException:  (code 4)
11-27 18:33:08.656     0     0 E         : [2:dhd_rpm_state_t: 3977] exynos-pcie 13ed0000.pcie0: Current LTSSM State is 0xd with retry_cnt =0.
11-27 18:33:08.656     0     0 E         : [2:dhd_rpm_state_t: 3977] exynos-pcie 13ed0000.pcie0: ack message is ok
11-27 18:33:08.656     0     0 E         : [2:dhd_rpm_state_t: 3977] exynos-pcie 13ed0000.pcie0: received Enter_L23_READY DLLP packet
11-27 18:33:08.717     0     0 E         : [2:dhd_rpm_state_t: 3977] exynos-pcie 13ed0000.pcie0: pcie clk enable, ret value = 0
11-27 18:33:08.736     0     0 E         : [2:dhd_rpm_state_t: 3977] exynos-pcie 13ed0000.pcie0: phy clk enable, ret value = 0
11-27 18:33:08.737     0     0 E         : [2:dhd_rpm_state_t: 3977] exynos-pcie 13ed0000.pcie0: l1ss disabled(0x10)
11-27 18:33:09.118  6771 13460 E WifiHAL : Creating message to get cached scan results
11-27 18:33:09.119  7187  7545 E WifiStaIfaceAidlImpl: getCachedScanData failed with service-specific exception: android.os.ServiceSpecificException:  (code 4)
11-27 18:33:10.772     0     0 E         : [3:dhd_rpm_state_t: 3977] exynos-pcie 13ed0000.pcie0: Current LTSSM State is 0x14 with retry_cnt =0.
11-27 18:33:10.794     0     0 E         : [3:dhd_rpm_state_t: 3977] exynos-pcie 13ed0000.pcie0: cannot receive ack message from wifi
11-27 18:33:10.817     0     0 E         : [3:dhd_rpm_state_t: 3977] exynos-pcie 13ed0000.pcie0: Current LTSSM State is 0xd with retry_cnt =1.
11-27 18:33:10.817     0     0 E         : [3:dhd_rpm_state_t: 3977] exynos-pcie 13ed0000.pcie0: cannot receive ack message from wifi
11-27 18:33:10.817     0     0 E         : [3:dhd_rpm_state_t: 3977] exynos-pcie 13ed0000.pcie0: received Enter_L23_READY DLLP packet
11-27 18:33:10.868     0     0 E         : [3:dhd_rpm_state_t: 3977] exynos-pcie 13ed0000.pcie0: pcie clk enable, ret value = 0
11-27 18:33:10.888     0     0 E         : [1:dhd_rpm_state_t: 3977] exynos-pcie 13ed0000.pcie0: phy clk enable, ret value = 0
11-27 18:33:10.889     0     0 E         : [1:dhd_rpm_state_t: 3977] exynos-pcie 13ed0000.pcie0: l1ss disabled(0x10)
11-27 18:33:12.103     0     0 E         : [2:dhd_rpm_state_t: 3977] exynos-pcie 13ed0000.pcie0: Current LTSSM State is 0xd with retry_cnt =0.
11-27 18:33:12.103     0     0 E         : [2:dhd_rpm_state_t: 3977] exynos-pcie 13ed0000.pcie0: ack message is ok
11-27 18:33:12.103     0     0 E         : [2:dhd_rpm_state_t: 3977] exynos-pcie 13ed0000.pcie0: received Enter_L23_READY DLLP packet
11-27 18:33:12.182     0     0 E         : [2:dhd_rpm_state_t: 3977] exynos-pcie 13ed0000.pcie0: pcie clk enable, ret value = 0
11-27 18:33:12.202     0     0 E         : [3:dhd_rpm_state_t: 3977] exynos-pcie 13ed0000.pcie0: phy clk enable, ret value = 0
11-27 18:33:12.203     0     0 E         : [3:dhd_rpm_state_t: 3977] exynos-pcie 13ed0000.pcie0: l1ss disabled(0x10)
11-27 18:33:12.259  6771 13460 E WifiHAL : Creating message to get cached scan results
11-27 18:33:12.260  7187  7545 E WifiStaIfaceAidlImpl: getCachedScanData failed with service-specific exception: android.os.ServiceSpecificException:  (code 4)
11-27 18:33:14.140     0     0 E         : [3:dhd_rpm_state_t: 3977] exynos-pcie 13ed0000.pcie0: Current LTSSM State is 0xd with retry_cnt =0.
11-27 18:33:14.140     0     0 E         : [3:dhd_rpm_state_t: 3977] exynos-pcie 13ed0000.pcie0: ack message is ok
11-27 18:33:14.140     0     0 E         : [3:dhd_rpm_state_t: 3977] exynos-pcie 13ed0000.pcie0: received Enter_L23_READY DLLP packet
11-27 18:33:14.863     0     0 E         : [0:dhd_rpm_state_t: 3977] exynos-pcie 13ed0000.pcie0: pcie clk enable, ret value = 0
11-27 18:33:14.882     0     0 E         : [3:dhd_rpm_state_t: 3977] exynos-pcie 13ed0000.pcie0: phy clk enable, ret value = 0
11-27 18:33:14.883     0     0 E         : [3:dhd_rpm_state_t: 3977] exynos-pcie 13ed0000.pcie0: l1ss disabled(0x10)
11-27 18:33:15.373  6771 13460 E WifiHAL : Creating message to get cached scan results
11-27 18:33:15.374  7187  7545 E WifiStaIfaceAidlImpl: getCachedScanData failed with service-specific exception: android.os.ServiceSpecificException:  (code 4)
11-27 18:33:16.624     0     0 E         : [3:dhd_rpm_state_t: 3977] exynos-pcie 13ed0000.pcie0: Current LTSSM State is 0xd with retry_cnt =0.
11-27 18:33:16.624     0     0 E         : [3:dhd_rpm_state_t: 3977] exynos-pcie 13ed0000.pcie0: ack message is ok
11-27 18:33:16.624     0     0 E         : [3:dhd_rpm_state_t: 3977] exynos-pcie 13ed0000.pcie0: received Enter_L23_READY DLLP packet
11-27 18:33:17.013     0     0 E         : [2:dhd_rpm_state_t: 3977] exynos-pcie 13ed0000.pcie0: pcie clk enable, ret value = 0
11-27 18:33:17.032     0     0 E         : [1:dhd_rpm_state_t: 3977] exynos-pcie 13ed0000.pcie0: phy clk enable, ret value = 0
11-27 18:33:17.034     0     0 E         : [1:dhd_rpm_state_t: 3977] exynos-pcie 13ed0000.pcie0: l1ss disabled(0x10)
11-27 18:33:18.237     0     0 E         : [2:dhd_rpm_state_t: 3977] exynos-pcie 13ed0000.pcie0: Current LTSSM State is 0x14 with retry_cnt =0.
11-27 18:33:18.259     0     0 E         : [2:dhd_rpm_state_t: 3977] exynos-pcie 13ed0000.pcie0: cannot receive ack message from wifi
11-27 18:33:18.282     0     0 E         : [2:dhd_rpm_state_t: 3977] exynos-pcie 13ed0000.pcie0: Current LTSSM State is 0x11 with retry_cnt =1.
11-27 18:33:18.282     0     0 E         : [2:dhd_rpm_state_t: 3977] exynos-pcie 13ed0000.pcie0: cannot receive ack message from wifi
11-27 18:33:18.282     0     0 E         : [2:dhd_rpm_state_t: 3977] exynos-pcie 13ed0000.pcie0: received Enter_L23_READY DLLP packet
11-27 18:33:18.430     0     0 E         : [0:dhd_rpm_state_t: 3977] exynos-pcie 13ed0000.pcie0: pcie clk enable, ret value = 0
11-27 18:33:18.450     0     0 E         : [3:dhd_rpm_state_t: 3977] exynos-pcie 13ed0000.pcie0: phy clk enable, ret value = 0
11-27 18:33:18.450     0     0 E         : [3:dhd_rpm_state_t: 3977] exynos-pcie 13ed0000.pcie0: l1ss disabled(0x10)
11-27 18:33:18.507  6771 13460 E WifiHAL : Creating message to get cached scan results
11-27 18:33:18.513  7187  7545 E WifiStaIfaceAidlImpl: getCachedScanData failed with service-specific exception: android.os.ServiceSpecificException:  (code 4)
11-27 18:33:20.272     0     0 E         : [3:dhd_rpm_state_t: 3977] exynos-pcie 13ed0000.pcie0: Current LTSSM State is 0xd with retry_cnt =0.
11-27 18:33:20.272     0     0 E         : [3:dhd_rpm_state_t: 3977] exynos-pcie 13ed0000.pcie0: ack message is ok
11-27 18:33:20.272     0     0 E         : [3:dhd_rpm_state_t: 3977] exynos-pcie 13ed0000.pcie0: received Enter_L23_READY DLLP packet
11-27 18:33:21.007     0     0 E         : [3:dhd_rpm_state_t: 3977] exynos-pcie 13ed0000.pcie0: pcie clk enable, ret value = 0
11-27 18:33:21.030     0     0 E         : [2:dhd_rpm_state_t: 3977] exynos-pcie 13ed0000.pcie0: phy clk enable, ret value = 0
11-27 18:33:21.031     0     0 E         : [2:dhd_rpm_state_t: 3977] exynos-pcie 13ed0000.pcie0: l1ss disabled(0x10)
11-27 18:33:21.619  6771 13460 E WifiHAL : Creating message to get cached scan results
11-27 18:33:21.622  7187  7545 E WifiStaIfaceAidlImpl: getCachedScanData failed with service-specific exception: android.os.ServiceSpecificException:  (code 4)
11-27 18:33:22.865     0     0 E         : [0:dhd_rpm_state_t: 3977] exynos-pcie 13ed0000.pcie0: Current LTSSM State is 0xd with retry_cnt =0.
11-27 18:33:22.865     0     0 E         : [0:dhd_rpm_state_t: 3977] exynos-pcie 13ed0000.pcie0: ack message is ok
11-27 18:33:22.865     0     0 E         : [0:dhd_rpm_state_t: 3977] exynos-pcie 13ed0000.pcie0: received Enter_L23_READY DLLP packet
11-27 18:33:23.157     0     0 E         : [0:dhd_rpm_state_t: 3977] exynos-pcie 13ed0000.pcie0: pcie clk enable, ret value = 0
11-27 18:33:23.176     0     0 E         : [3:dhd_rpm_state_t: 3977] exynos-pcie 13ed0000.pcie0: phy clk enable, ret value = 0
11-27 18:33:23.177     0     0 E         : [3:dhd_rpm_state_t: 3977] exynos-pcie 13ed0000.pcie0: l1ss disabled(0x10)
11-27 18:33:24.372     0     0 E         : [1:dhd_rpm_state_t: 3977] exynos-pcie 13ed0000.pcie0: Current LTSSM State is 0xd with retry_cnt =0.
11-27 18:33:24.372     0     0 E         : [1:dhd_rpm_state_t: 3977] exynos-pcie 13ed0000.pcie0: ack message is ok
11-27 18:33:24.373     0     0 E         : [1:dhd_rpm_state_t: 3977] exynos-pcie 13ed0000.pcie0: received Enter_L23_READY DLLP packet
11-27 18:33:24.698     0     0 E         : [3:dhd_rpm_state_t: 3977] exynos-pcie 13ed0000.pcie0: pcie clk enable, ret value = 0
11-27 18:33:24.719     0     0 E         : [3:dhd_rpm_state_t: 3977] exynos-pcie 13ed0000.pcie0: phy clk enable, ret value = 0
11-27 18:33:24.719     0     0 E         : [3:dhd_rpm_state_t: 3977] exynos-pcie 13ed0000.pcie0: l1ss disabled(0x10)
11-27 18:33:24.780  6771 13460 E WifiHAL : Creating message to get cached scan results
11-27 18:33:24.781  7187  7545 E WifiStaIfaceAidlImpl: getCachedScanData failed with service-specific exception: android.os.ServiceSpecificException:  (code 4)
11-27 18:33:26.137     0     0 E         : [0:dhd_rpm_state_t: 3977] exynos-pcie 13ed0000.pcie0: Current LTSSM State is 0xd with retry_cnt =0.
11-27 18:33:26.137     0     0 E         : [0:dhd_rpm_state_t: 3977] exynos-pcie 13ed0000.pcie0: ack message is ok
11-27 18:33:26.137     0     0 E         : [0:dhd_rpm_state_t: 3977] exynos-pcie 13ed0000.pcie0: received Enter_L23_READY DLLP packet
11-27 18:33:27.151     0     0 E         : [2:dhd_rpm_state_t: 3977] exynos-pcie 13ed0000.pcie0: pcie clk enable, ret value = 0
11-27 18:33:27.176     0     0 E         : [3:dhd_rpm_state_t: 3977] exynos-pcie 13ed0000.pcie0: phy clk enable, ret value = 0
11-27 18:33:27.177     0     0 E         : [3:dhd_rpm_state_t: 3977] exynos-pcie 13ed0000.pcie0: l1ss disabled(0x10)
11-27 18:33:27.890  6771 13460 E WifiHAL : Creating message to get cached scan results
11-27 18:33:27.891  7187  7545 E WifiStaIfaceAidlImpl: getCachedScanData failed with service-specific exception: android.os.ServiceSpecificException:  (code 4)
11-27 18:33:31.009  6771 13460 E WifiHAL : Creating message to get cached scan results
11-27 18:33:31.014  7187  7545 E WifiStaIfaceAidlImpl: getCachedScanData failed with service-specific exception: android.os.ServiceSpecificException:  (code 4)
11-27 18:33:32.275     0     0 E         : [3:dhd_rpm_state_t: 3977] exynos-pcie 13ed0000.pcie0: Current LTSSM State is 0xd with retry_cnt =0.
11-27 18:33:32.276     0     0 E         : [3:dhd_rpm_state_t: 3977] exynos-pcie 13ed0000.pcie0: ack message is ok
11-27 18:33:32.276     0     0 E         : [3:dhd_rpm_state_t: 3977] exynos-pcie 13ed0000.pcie0: received Enter_L23_READY DLLP packet
11-27 18:33:32.987     0     0 E         : [3:dhd_rpm_state_t: 3977] exynos-pcie 13ed0000.pcie0: pcie clk enable, ret value = 0
11-27 18:33:33.007     0     0 E         : [0:dhd_rpm_state_t: 3977] exynos-pcie 13ed0000.pcie0: phy clk enable, ret value = 0
11-27 18:33:33.011     0     0 E         : [2:dhd_rpm_state_t: 3977] exynos-pcie 13ed0000.pcie0: l1ss disabled(0x10)
11-27 18:33:34.125  6771 13460 E WifiHAL : Creating message to get cached scan results
11-27 18:33:34.127  7187  7545 E WifiStaIfaceAidlImpl: getCachedScanData failed with service-specific exception: android.os.ServiceSpecificException:  (code 4)
11-27 18:33:36.293     0     0 E         : [1:dhd_rpm_state_t: 3977] exynos-pcie 13ed0000.pcie0: Current LTSSM State is 0xd with retry_cnt =0.
11-27 18:33:36.293     0     0 E         : [1:dhd_rpm_state_t: 3977] exynos-pcie 13ed0000.pcie0: ack message is ok
11-27 18:33:36.293     0     0 E         : [1:dhd_rpm_state_t: 3977] exynos-pcie 13ed0000.pcie0: received Enter_L23_READY DLLP packet
11-27 18:33:36.981     0     0 E         : [3:dhd_rpm_state_t: 3977] exynos-pcie 13ed0000.pcie0: pcie clk enable, ret value = 0
11-27 18:33:37.000     0     0 E         : [1:dhd_rpm_state_t: 3977] exynos-pcie 13ed0000.pcie0: phy clk enable, ret value = 0
11-27 18:33:37.001     0     0 E         : [1:dhd_rpm_state_t: 3977] exynos-pcie 13ed0000.pcie0: l1ss disabled(0x10)
11-27 18:33:37.226  6771 13460 E WifiHAL : Creating message to get cached scan results
11-27 18:33:37.227  7187  7545 E WifiStaIfaceAidlImpl: getCachedScanData failed with service-specific exception: android.os.ServiceSpecificException:  (code 4)
11-27 18:33:38.421     0     0 E         : [3:dhd_rpm_state_t: 3977] exynos-pcie 13ed0000.pcie0: Current LTSSM State is 0xd with retry_cnt =0.
11-27 18:33:38.421     0     0 E         : [3:dhd_rpm_state_t: 3977] exynos-pcie 13ed0000.pcie0: ack message is ok
11-27 18:33:38.421     0     0 E         : [3:dhd_rpm_state_t: 3977] exynos-pcie 13ed0000.pcie0: received Enter_L23_READY DLLP packet
11-27 18:33:38.822     0     0 E         : [3:dhd_rpm_state_t: 3977] exynos-pcie 13ed0000.pcie0: pcie clk enable, ret value = 0
11-27 18:33:38.842     0     0 E         : [0:dhd_rpm_state_t: 3977] exynos-pcie 13ed0000.pcie0: phy clk enable, ret value = 0
11-27 18:33:38.843     0     0 E         : [0:dhd_rpm_state_t: 3977] exynos-pcie 13ed0000.pcie0: l1ss disabled(0x10)
11-27 18:33:40.350  6771 13460 E WifiHAL : Creating message to get cached scan results
11-27 18:33:40.351  7187  7545 E WifiStaIfaceAidlImpl: getCachedScanData failed with service-specific exception: android.os.ServiceSpecificException:  (code 4)
11-27 18:33:42.454     0     0 E         : [1:dhd_rpm_state_t: 3977] exynos-pcie 13ed0000.pcie0: Current LTSSM State is 0xd with retry_cnt =0.
11-27 18:33:42.454     0     0 E         : [1:dhd_rpm_state_t: 3977] exynos-pcie 13ed0000.pcie0: ack message is ok
11-27 18:33:42.454     0     0 E         : [1:dhd_rpm_state_t: 3977] exynos-pcie 13ed0000.pcie0: received Enter_L23_READY DLLP packet
11-27 18:33:43.127     0     0 E         : [1:dhd_rpm_state_t: 3977] exynos-pcie 13ed0000.pcie0: pcie clk enable, ret value = 0
11-27 18:33:43.145     0     0 E         : [3:dhd_rpm_state_t: 3977] exynos-pcie 13ed0000.pcie0: phy clk enable, ret value = 0
11-27 18:33:43.146     0     0 E         : [3:dhd_rpm_state_t: 3977] exynos-pcie 13ed0000.pcie0: l1ss disabled(0x10)
11-27 18:33:43.481  6771  6771 E WifiHAL : Creating message to get cached scan results
11-27 18:33:43.486  7187  7545 E WifiStaIfaceAidlImpl: getCachedScanData failed with service-specific exception: android.os.ServiceSpecificException:  (code 4)
11-27 18:33:44.674     0     0 E         : [3:dhd_rpm_state_t: 3977] exynos-pcie 13ed0000.pcie0: Current LTSSM State is 0xd with retry_cnt =0.
11-27 18:33:44.674     0     0 E         : [3:dhd_rpm_state_t: 3977] exynos-pcie 13ed0000.pcie0: ack message is ok
11-27 18:33:44.674     0     0 E         : [3:dhd_rpm_state_t: 3977] exynos-pcie 13ed0000.pcie0: received Enter_L23_READY DLLP packet
11-27 18:33:44.968     0     0 E         : [0:dhd_rpm_state_t: 3977] exynos-pcie 13ed0000.pcie0: pcie clk enable, ret value = 0
11-27 18:33:44.988     0     0 E         : [3:dhd_rpm_state_t: 3977] exynos-pcie 13ed0000.pcie0: phy clk enable, ret value = 0
11-27 18:33:44.989     0     0 E         : [3:dhd_rpm_state_t: 3977] exynos-pcie 13ed0000.pcie0: l1ss disabled(0x10)
11-27 18:33:46.184     0     0 E         : [1:dhd_rpm_state_t: 3977] exynos-pcie 13ed0000.pcie0: Current LTSSM State is 0xd with retry_cnt =0.
11-27 18:33:46.184     0     0 E         : [1:dhd_rpm_state_t: 3977] exynos-pcie 13ed0000.pcie0: ack message is ok
11-27 18:33:46.184     0     0 E         : [1:dhd_rpm_state_t: 3977] exynos-pcie 13ed0000.pcie0: received Enter_L23_READY DLLP packet
11-27 18:33:46.549     0     0 E         : [1:dhd_rpm_state_t: 3977] exynos-pcie 13ed0000.pcie0: pcie clk enable, ret value = 0
11-27 18:33:46.568     0     0 E         : [3:dhd_rpm_state_t: 3977] exynos-pcie 13ed0000.pcie0: phy clk enable, ret value = 0
11-27 18:33:46.569     0     0 E         : [3:dhd_rpm_state_t: 3977] exynos-pcie 13ed0000.pcie0: l1ss disabled(0x10)
11-27 18:33:46.629  6771  6771 E WifiHAL : Creating message to get cached scan results
11-27 18:33:46.631  7187  7545 E WifiStaIfaceAidlImpl: getCachedScanData failed with service-specific exception: android.os.ServiceSpecificException:  (code 4)
11-27 18:33:48.304     0     0 E         : [3:dhd_rpm_state_t: 3977] exynos-pcie 13ed0000.pcie0: Current LTSSM State is 0x14 with retry_cnt =0.
11-27 18:33:48.326     0     0 E         : [3:dhd_rpm_state_t: 3977] exynos-pcie 13ed0000.pcie0: cannot receive ack message from wifi
11-27 18:33:48.349     0     0 E         : [3:dhd_rpm_state_t: 3977] exynos-pcie 13ed0000.pcie0: Current LTSSM State is 0xd with retry_cnt =1.
11-27 18:33:48.349     0     0 E         : [3:dhd_rpm_state_t: 3977] exynos-pcie 13ed0000.pcie0: cannot receive ack message from wifi
11-27 18:33:48.349     0     0 E         : [3:dhd_rpm_state_t: 3977] exynos-pcie 13ed0000.pcie0: received Enter_L23_READY DLLP packet
11-27 18:33:48.961     0     0 E         : [0:dhd_rpm_state_t: 3977] exynos-pcie 13ed0000.pcie0: pcie clk enable, ret value = 0
11-27 18:33:48.980     0     0 E         : [2:dhd_rpm_state_t: 3977] exynos-pcie 13ed0000.pcie0: phy clk enable, ret value = 0
11-27 18:33:48.981     0     0 E         : [2:dhd_rpm_state_t: 3977] exynos-pcie 13ed0000.pcie0: l1ss disabled(0x10)
11-27 18:33:49.748  6771  6771 E WifiHAL : Creating message to get cached scan results
11-27 18:33:49.749  7187  7545 E WifiStaIfaceAidlImpl: getCachedScanData failed with service-specific exception: android.os.ServiceSpecificException:  (code 4)
11-27 18:33:50.900     0     0 E         : [2:dhd_rpm_state_t: 3977] exynos-pcie 13ed0000.pcie0: Current LTSSM State is 0xd with retry_cnt =0.
11-27 18:33:50.900     0     0 E         : [2:dhd_rpm_state_t: 3977] exynos-pcie 13ed0000.pcie0: ack message is ok
11-27 18:33:50.900     0     0 E         : [2:dhd_rpm_state_t: 3977] exynos-pcie 13ed0000.pcie0: received Enter_L23_READY DLLP packet
11-27 18:33:51.112     0     0 E         : [1:dhd_rpm_state_t: 3977] exynos-pcie 13ed0000.pcie0: pcie clk enable, ret value = 0
11-27 18:33:51.132     0     0 E         : [0:dhd_rpm_state_t: 3977] exynos-pcie 13ed0000.pcie0: phy clk enable, ret value = 0
11-27 18:33:51.133     0     0 E         : [0:dhd_rpm_state_t: 3977] exynos-pcie 13ed0000.pcie0: l1ss disabled(0x10)
11-27 18:33:52.329     0     0 E         : [0:dhd_rpm_state_t: 3977] exynos-pcie 13ed0000.pcie0: Current LTSSM State is 0xd with retry_cnt =0.
11-27 18:33:52.329     0     0 E         : [0:dhd_rpm_state_t: 3977] exynos-pcie 13ed0000.pcie0: ack message is ok
11-27 18:33:52.329     0     0 E         : [0:dhd_rpm_state_t: 3977] exynos-pcie 13ed0000.pcie0: received Enter_L23_READY DLLP packet
11-27 18:33:52.799     0     0 E         : [2:dhd_rpm_state_t: 3977] exynos-pcie 13ed0000.pcie0: pcie clk enable, ret value = 0
11-27 18:33:52.819     0     0 E         : [3:dhd_rpm_state_t: 3977] exynos-pcie 13ed0000.pcie0: phy clk enable, ret value = 0
11-27 18:33:52.820     0     0 E         : [3:dhd_rpm_state_t: 3977] exynos-pcie 13ed0000.pcie0: l1ss disabled(0x10)
11-27 18:33:52.870  6771  6771 E WifiHAL : Creating message to get cached scan results
11-27 18:33:52.872  7187  7545 E WifiStaIfaceAidlImpl: getCachedScanData failed with service-specific exception: android.os.ServiceSpecificException:  (code 4)
11-27 18:33:54.119     0     0 E         : [1:dhd_rpm_state_t: 3977] exynos-pcie 13ed0000.pcie0: Current LTSSM State is 0xd with retry_cnt =0.
11-27 18:33:54.120     0     0 E         : [1:dhd_rpm_state_t: 3977] exynos-pcie 13ed0000.pcie0: ack message is ok
11-27 18:33:54.120     0     0 E         : [1:dhd_rpm_state_t: 3977] exynos-pcie 13ed0000.pcie0: received Enter_L23_READY DLLP packet
11-27 18:33:55.106     0     0 E         : [1:dhd_rpm_state_t: 3977] exynos-pcie 13ed0000.pcie0: pcie clk enable, ret value = 0
11-27 18:33:55.124     0     0 E         : [0:dhd_rpm_state_t: 3977] exynos-pcie 13ed0000.pcie0: phy clk enable, ret value = 0
11-27 18:33:55.125     0     0 E         : [0:dhd_rpm_state_t: 3977] exynos-pcie 13ed0000.pcie0: l1ss disabled(0x10)
11-27 18:33:55.980  6771  6771 E WifiHAL : Creating message to get cached scan results
11-27 18:33:55.982  7187  7545 E WifiStaIfaceAidlImpl: getCachedScanData failed with service-specific exception: android.os.ServiceSpecificException:  (code 4)
11-27 18:33:58.096     0     0 E         : [3:dhd_rpm_state_t: 3977] exynos-pcie 13ed0000.pcie0: Current LTSSM State is 0xd with retry_cnt =0.
11-27 18:33:58.096     0     0 E         : [3:dhd_rpm_state_t: 3977] exynos-pcie 13ed0000.pcie0: ack message is ok
11-27 18:33:58.096     0     0 E         : [3:dhd_rpm_state_t: 3977] exynos-pcie 13ed0000.pcie0: received Enter_L23_READY DLLP packet
11-27 18:33:59.034     0     0 E         : [3:dhd_rpm_state_t: 3977] exynos-pcie 13ed0000.pcie0: pcie clk enable, ret value = 0
11-27 18:33:59.052     0     0 E         : [2:dhd_rpm_state_t: 3977] exynos-pcie 13ed0000.pcie0: phy clk enable, ret value = 0
11-27 18:33:59.053     0     0 E         : [2:dhd_rpm_state_t: 3977] exynos-pcie 13ed0000.pcie0: l1ss disabled(0x10)
11-27 18:33:59.106  6771  6771 E WifiHAL : Creating message to get cached scan results
11-27 18:33:59.108  7187  7545 E WifiStaIfaceAidlImpl: getCachedScanData failed with service-specific exception: android.os.ServiceSpecificException:  (code 4)
11-27 18:34:00.248     0     0 E         : [2:dhd_rpm_state_t: 3977] exynos-pcie 13ed0000.pcie0: Current LTSSM State is 0xd with retry_cnt =0.
11-27 18:34:00.248     0     0 E         : [2:dhd_rpm_state_t: 3977] exynos-pcie 13ed0000.pcie0: ack message is ok
11-27 18:34:00.248     0     0 E         : [2:dhd_rpm_state_t: 3977] exynos-pcie 13ed0000.pcie0: received Enter_L23_READY DLLP packet
11-27 18:34:00.943     0     0 E         : [1:dhd_rpm_state_t: 3977] exynos-pcie 13ed0000.pcie0: pcie clk enable, ret value = 0
11-27 18:34:00.963     0     0 E         : [1:dhd_rpm_state_t: 3977] exynos-pcie 13ed0000.pcie0: phy clk enable, ret value = 0
11-27 18:34:00.965     0     0 E         : [1:dhd_rpm_state_t: 3977] exynos-pcie 13ed0000.pcie0: l1ss disabled(0x10)
11-27 18:34:01.672 12559 12664 E Cello   : [12664:NonCelloThread] drive_v2_cloud_store.cc:6855:DumpToLog Request 0xb400007897263630: 0 transport: drive::ds::Status::UNAVAILABLE_WHILE_OFFLINE reader: drive::ds::Status::SUCCESS url: https://play.googleapis.com/log
11-27 18:34:01.672 12559 12664 E Cello   : [12664:NonCelloThread] drive_v2_cloud_store.cc:6855:DumpToLog req.hdr 0xb400007897263630: Content-Type=
11-27 18:34:01.672 12559 12664 E Cello   : [12664:NonCelloThread] drive_v2_cloud_store.cc:6855:DumpToLog Response body 0xb400007897263630: (no response body)
11-27 18:34:01.672 12559 12666 E Cello   : [12666:MetricsTransportThread-CELLO] metrics_transport.cc:242:SendRequest Request failed: drive::ds::Status::UNAVAILABLE_WHILE_OFFLINE
11-27 18:34:02.231  6771  6771 E WifiHAL : Creating message to get cached scan results
11-27 18:34:02.239  7187  7545 E WifiStaIfaceAidlImpl: getCachedScanData failed with service-specific exception: android.os.ServiceSpecificException:  (code 4)
11-27 18:34:04.264     0     0 E         : [3:dhd_rpm_state_t: 3977] exynos-pcie 13ed0000.pcie0: Current LTSSM State is 0xd with retry_cnt =0.
11-27 18:34:04.264     0     0 E         : [3:dhd_rpm_state_t: 3977] exynos-pcie 13ed0000.pcie0: ack message is ok
11-27 18:34:04.264     0     0 E         : [3:dhd_rpm_state_t: 3977] exynos-pcie 13ed0000.pcie0: received Enter_L23_READY DLLP packet
11-27 18:34:04.936     0     0 E         : [2:dhd_rpm_state_t: 3977] exynos-pcie 13ed0000.pcie0: pcie clk enable, ret value = 0
11-27 18:34:04.956     0     0 E         : [3:dhd_rpm_state_t: 3977] exynos-pcie 13ed0000.pcie0: phy clk enable, ret value = 0
11-27 18:34:04.957     0     0 E         : [3:dhd_rpm_state_t: 3977] exynos-pcie 13ed0000.pcie0: l1ss disabled(0x10)
11-27 18:34:05.348  6771  6771 E WifiHAL : Creating message to get cached scan results
11-27 18:34:05.350  7187  7545 E WifiStaIfaceAidlImpl: getCachedScanData failed with service-specific exception: android.os.ServiceSpecificException:  (code 4)
11-27 18:34:06.576     0     0 E         : [3:dhd_rpm_state_t: 3977] exynos-pcie 13ed0000.pcie0: Current LTSSM State is 0xd with retry_cnt =0.
11-27 18:34:06.576     0     0 E         : [3:dhd_rpm_state_t: 3977] exynos-pcie 13ed0000.pcie0: ack message is ok
11-27 18:34:06.576     0     0 E         : [3:dhd_rpm_state_t: 3977] exynos-pcie 13ed0000.pcie0: received Enter_L23_READY DLLP packet
11-27 18:34:06.777     0     0 E         : [1:dhd_rpm_state_t: 3977] exynos-pcie 13ed0000.pcie0: pcie clk enable, ret value = 0
11-27 18:34:06.797     0     0 E         : [3:dhd_rpm_state_t: 3977] exynos-pcie 13ed0000.pcie0: phy clk enable, ret value = 0
11-27 18:34:06.799     0     0 E         : [3:dhd_rpm_state_t: 3977] exynos-pcie 13ed0000.pcie0: l1ss disabled(0x10)
11-27 18:34:08.173  7187 16238 E GnssPsdsDownloader: No Long-Term PSDS servers were specified in the GnssConfiguration
11-27 18:34:08.454  6771 13460 E WifiHAL : Creating message to get cached scan results
11-27 18:34:08.455  7187  7545 E WifiStaIfaceAidlImpl: getCachedScanData failed with service-specific exception: android.os.ServiceSpecificException:  (code 4)
11-27 18:34:10.417     0     0 E         : [1:dhd_rpm_state_t: 3977] exynos-pcie 13ed0000.pcie0: Current LTSSM State is 0xd with retry_cnt =0.
11-27 18:34:10.417     0     0 E         : [1:dhd_rpm_state_t: 3977] exynos-pcie 13ed0000.pcie0: ack message is ok
11-27 18:34:10.417     0     0 E         : [1:dhd_rpm_state_t: 3977] exynos-pcie 13ed0000.pcie0: received Enter_L23_READY DLLP packet
11-27 18:34:11.080     0     0 E         : [2:dhd_rpm_state_t: 3977] exynos-pcie 13ed0000.pcie0: pcie clk enable, ret value = 0
11-27 18:34:11.100     0     0 E         : [0:dhd_rpm_state_t: 3977] exynos-pcie 13ed0000.pcie0: phy clk enable, ret value = 0
11-27 18:34:11.101     0     0 E         : [0:dhd_rpm_state_t: 3977] exynos-pcie 13ed0000.pcie0: l1ss disabled(0x10)
11-27 18:34:11.563  6771  6771 E WifiHAL : Creating message to get cached scan results
11-27 18:34:11.565  7187  7545 E WifiStaIfaceAidlImpl: getCachedScanData failed with service-specific exception: android.os.ServiceSpecificException:  (code 4)
11-27 18:34:12.712     0     0 E         : [3:dhd_rpm_state_t: 3977] exynos-pcie 13ed0000.pcie0: Current LTSSM State is 0xd with retry_cnt =0.
11-27 18:34:12.712     0     0 E         : [3:dhd_rpm_state_t: 3977] exynos-pcie 13ed0000.pcie0: ack message is ok
11-27 18:34:12.712     0     0 E         : [3:dhd_rpm_state_t: 3977] exynos-pcie 13ed0000.pcie0: received Enter_L23_READY DLLP packet
11-27 18:34:12.923     0     0 E         : [0:dhd_rpm_state_t: 3977] exynos-pcie 13ed0000.pcie0: pcie clk enable, ret value = 0
11-27 18:34:12.943     0     0 E         : [0:dhd_rpm_state_t: 3977] exynos-pcie 13ed0000.pcie0: phy clk enable, ret value = 0
11-27 18:34:12.944     0     0 E         : [0:dhd_rpm_state_t: 3977] exynos-pcie 13ed0000.pcie0: l1ss disabled(0x10)
11-27 18:34:14.666  6771  6771 E WifiHAL : Creating message to get cached scan results
11-27 18:34:14.667  7187  7545 E WifiStaIfaceAidlImpl: getCachedScanData failed with service-specific exception: android.os.ServiceSpecificException:  (code 4)
11-27 18:34:16.554     0     0 E         : [2:dhd_rpm_state_t: 3977] exynos-pcie 13ed0000.pcie0: Current LTSSM State is 0x14 with retry_cnt =0.
11-27 18:34:16.577     0     0 E         : [2:dhd_rpm_state_t: 3977] exynos-pcie 13ed0000.pcie0: cannot receive ack message from wifi
11-27 18:34:16.599     0     0 E         : [2:dhd_rpm_state_t: 3977] exynos-pcie 13ed0000.pcie0: Current LTSSM State is 0xd with retry_cnt =1.
11-27 18:34:16.600     0     0 E         : [2:dhd_rpm_state_t: 3977] exynos-pcie 13ed0000.pcie0: cannot receive ack message from wifi
11-27 18:34:16.600     0     0 E         : [2:dhd_rpm_state_t: 3977] exynos-pcie 13ed0000.pcie0: received Enter_L23_READY DLLP packet
11-27 18:34:16.917     0     0 E         : [3:dhd_rpm_state_t: 3977] exynos-pcie 13ed0000.pcie0: pcie clk enable, ret value = 0
11-27 18:34:16.936     0     0 E         : [3:dhd_rpm_state_t: 3977] exynos-pcie 13ed0000.pcie0: phy clk enable, ret value = 0
11-27 18:34:16.937     0     0 E         : [3:dhd_rpm_state_t: 3977] exynos-pcie 13ed0000.pcie0: l1ss disabled(0x10)
11-27 18:34:17.759  6771  6771 E WifiHAL : Creating message to get cached scan results
11-27 18:34:17.760  7187  7545 E WifiStaIfaceAidlImpl: getCachedScanData failed with service-specific exception: android.os.ServiceSpecificException:  (code 4)
11-27 18:34:18.976     0     0 E         : [3:dhd_rpm_state_t: 3977] exynos-pcie 13ed0000.pcie0: Current LTSSM State is 0xd with retry_cnt =0.
11-27 18:34:18.976     0     0 E         : [3:dhd_rpm_state_t: 3977] exynos-pcie 13ed0000.pcie0: ack message is ok
11-27 18:34:18.976     0     0 E         : [3:dhd_rpm_state_t: 3977] exynos-pcie 13ed0000.pcie0: received Enter_L23_READY DLLP packet
11-27 18:34:19.067     0     0 E         : [2:dhd_rpm_state_t: 3977] exynos-pcie 13ed0000.pcie0: pcie clk enable, ret value = 0
11-27 18:34:19.088     0     0 E         : [0:dhd_rpm_state_t: 3977] exynos-pcie 13ed0000.pcie0: phy clk enable, ret value = 0
11-27 18:34:19.089     0     0 E         : [0:dhd_rpm_state_t: 3977] exynos-pcie 13ed0000.pcie0: l1ss disabled(0x10)
11-27 18:34:20.288     0     0 E         : [3:dhd_rpm_state_t: 3977] exynos-pcie 13ed0000.pcie0: Current LTSSM State is 0xd with retry_cnt =0.
11-27 18:34:20.288     0     0 E         : [3:dhd_rpm_state_t: 3977] exynos-pcie 13ed0000.pcie0: ack message is ok
11-27 18:34:20.288     0     0 E         : [3:dhd_rpm_state_t: 3977] exynos-pcie 13ed0000.pcie0: received Enter_L23_READY DLLP packet
11-27 18:34:20.602     0     0 E         : [2:dhd_rpm_state_t: 3977] exynos-pcie 13ed0000.pcie0: pcie clk enable, ret value = 0
11-27 18:34:20.622     0     0 E         : [1:dhd_rpm_state_t: 3977] exynos-pcie 13ed0000.pcie0: phy clk enable, ret value = 0
11-27 18:34:20.623     0     0 E         : [1:dhd_rpm_state_t: 3977] exynos-pcie 13ed0000.pcie0: l1ss disabled(0x10)
11-27 18:34:20.863  6771  6771 E WifiHAL : Creating message to get cached scan results
11-27 18:34:20.865  7187  7545 E WifiStaIfaceAidlImpl: getCachedScanData failed with service-specific exception: android.os.ServiceSpecificException:  (code 4)
11-27 18:34:22.661     0     0 E         : [3:dhd_rpm_state_t: 3977] exynos-pcie 13ed0000.pcie0: Current LTSSM State is 0x14 with retry_cnt =0.
11-27 18:34:22.683     0     0 E         : [3:dhd_rpm_state_t: 3977] exynos-pcie 13ed0000.pcie0: cannot receive ack message from wifi
11-27 18:34:22.705     0     0 E         : [3:dhd_rpm_state_t: 3977] exynos-pcie 13ed0000.pcie0: Current LTSSM State is 0xd with retry_cnt =1.
11-27 18:34:22.705     0     0 E         : [3:dhd_rpm_state_t: 3977] exynos-pcie 13ed0000.pcie0: cannot receive ack message from wifi
11-27 18:34:22.705     0     0 E         : [3:dhd_rpm_state_t: 3977] exynos-pcie 13ed0000.pcie0: received Enter_L23_READY DLLP packet
11-27 18:34:22.754     0     0 E         : [1:dhd_rpm_state_t: 3977] exynos-pcie 13ed0000.pcie0: pcie clk enable, ret value = 0
11-27 18:34:22.773     0     0 E         : [3:dhd_rpm_state_t: 3977] exynos-pcie 13ed0000.pcie0: phy clk enable, ret value = 0
11-27 18:34:22.774     0     0 E         : [3:dhd_rpm_state_t: 3977] exynos-pcie 13ed0000.pcie0: l1ss disabled(0x10)
11-27 18:34:23.969  6771 13460 E WifiHAL : Creating message to get cached scan results
11-27 18:34:23.970  7187  7545 E WifiStaIfaceAidlImpl: getCachedScanData failed with service-specific exception: android.os.ServiceSpecificException:  (code 4)
11-27 18:34:26.084     0     0 E         : [1:dhd_rpm_state_t: 3977] exynos-pcie 13ed0000.pcie0: Current LTSSM State is 0x14 with retry_cnt =0.
11-27 18:34:26.106     0     0 E         : [1:dhd_rpm_state_t: 3977] exynos-pcie 13ed0000.pcie0: cannot receive ack message from wifi
11-27 18:34:26.129     0     0 E         : [1:dhd_rpm_state_t: 3977] exynos-pcie 13ed0000.pcie0: Current LTSSM State is 0xd with retry_cnt =1.
11-27 18:34:26.129     0     0 E         : [1:dhd_rpm_state_t: 3977] exynos-pcie 13ed0000.pcie0: cannot receive ack message from wifi
11-27 18:34:26.129     0     0 E         : [1:dhd_rpm_state_t: 3977] exynos-pcie 13ed0000.pcie0: received Enter_L23_READY DLLP packet
11-27 18:34:27.021     0     0 E         : [0:dhd_rpm_state_t: 3977] exynos-pcie 13ed0000.pcie0: pcie clk enable, ret value = 0
11-27 18:34:27.044     0     0 E         : [0:dhd_rpm_state_t: 3977] exynos-pcie 13ed0000.pcie0: phy clk enable, ret value = 0
11-27 18:34:27.045     0     0 E         : [0:dhd_rpm_state_t: 3977] exynos-pcie 13ed0000.pcie0: l1ss disabled(0x10)
11-27 18:34:27.109  6771  6771 E WifiHAL : Creating message to get cached scan results
11-27 18:34:27.111  7187  7545 E WifiStaIfaceAidlImpl: getCachedScanData failed with service-specific exception: android.os.ServiceSpecificException:  (code 4)
