--------- beginning of kernel
11-27 18:30:04.349     0     0 E         : [1:dhd_rpm_state_t: 3977] exynos-pcie 13ed0000.pcie0: Current LTSSM State is 0xd with retry_cnt =0.
11-27 18:30:04.349     0     0 E         : [1:dhd_rpm_state_t: 3977] exynos-pcie 13ed0000.pcie0: ack message is ok
11-27 18:30:04.349     0     0 E         : [1:dhd_rpm_state_t: 3977] exynos-pcie 13ed0000.pcie0: received Enter_L23_READY DLLP packet
11-27 18:30:05.012     0     0 E         : [1:dhd_rpm_state_t: 3977] exynos-pcie 13ed0000.pcie0: pcie clk enable, ret value = 0
11-27 18:30:05.032     0     0 E         : [1:dhd_rpm_state_t: 3977] exynos-pcie 13ed0000.pcie0: phy clk enable, ret value = 0
11-27 18:30:05.033     0     0 E         : [1:dhd_rpm_state_t: 3977] exynos-pcie 13ed0000.pcie0: l1ss disabled(0x10)
--------- beginning of main
11-27 18:30:05.240  6771 13460 E WifiHAL : Creating message to get cached scan results
11-27 18:30:05.242  7187  7545 E WifiStaIfaceAidlImpl: getCachedScanData failed with service-specific exception: android.os.ServiceSpecificException:  (code 4)
11-27 18:30:06.457     0     0 E         : [3:dhd_rpm_state_t: 3977] exynos-pcie 13ed0000.pcie0: Current LTSSM State is 0xd with retry_cnt =0.
11-27 18:30:06.457     0     0 E         : [3:dhd_rpm_state_t: 3977] exynos-pcie 13ed0000.pcie0: ack message is ok
11-27 18:30:06.457     0     0 E         : [3:dhd_rpm_state_t: 3977] exynos-pcie 13ed0000.pcie0: received Enter_L23_READY DLLP packet
11-27 18:30:07.162     0     0 E         : [0:dhd_rpm_state_t: 3977] exynos-pcie 13ed0000.pcie0: pcie clk enable, ret value = 0
11-27 18:30:07.182     0     0 E         : [3:dhd_rpm_state_t: 3977] exynos-pcie 13ed0000.pcie0: phy clk enable, ret value = 0
11-27 18:30:07.183     0     0 E         : [3:dhd_rpm_state_t: 3977] exynos-pcie 13ed0000.pcie0: l1ss disabled(0x10)
11-27 18:30:08.325  6771 13460 E WifiHAL : Creating message to get cached scan results
11-27 18:30:08.326  7187  7545 E WifiStaIfaceAidlImpl: getCachedScanData failed with service-specific exception: android.os.ServiceSpecificException:  (code 4)
11-27 18:30:10.158     0     0 E         : [0:dhd_rpm_state_t: 3977] exynos-pcie 13ed0000.pcie0: Current LTSSM State is 0xd with retry_cnt =0.
11-27 18:30:10.158     0     0 E         : [0:dhd_rpm_state_t: 3977] exynos-pcie 13ed0000.pcie0: ack message is ok
11-27 18:30:10.158     0     0 E         : [0:dhd_rpm_state_t: 3977] exynos-pcie 13ed0000.pcie0: received Enter_L23_READY DLLP packet
11-27 18:30:11.156     0     0 E         : [3:dhd_rpm_state_t: 3977] exynos-pcie 13ed0000.pcie0: pcie clk enable, ret value = 0
11-27 18:30:11.175     0     0 E         : [3:dhd_rpm_state_t: 3977] exynos-pcie 13ed0000.pcie0: phy clk enable, ret value = 0
11-27 18:30:11.176     0     0 E         : [3:dhd_rpm_state_t: 3977] exynos-pcie 13ed0000.pcie0: l1ss disabled(0x10)
11-27 18:30:11.413  6771  6771 E WifiHAL : Creating message to get cached scan results
11-27 18:30:11.414  7187  7545 E WifiStaIfaceAidlImpl: getCachedScanData failed with service-specific exception: android.os.ServiceSpecificException:  (code 4)
11-27 18:30:12.585     0     0 E         : [3:dhd_rpm_state_t: 3977] exynos-pcie 13ed0000.pcie0: Current LTSSM State is 0xd with retry_cnt =0.
11-27 18:30:12.585     0     0 E         : [3:dhd_rpm_state_t: 3977] exynos-pcie 13ed0000.pcie0: ack message is ok
11-27 18:30:12.585     0     0 E         : [3:dhd_rpm_state_t: 3977] exynos-pcie 13ed0000.pcie0: received Enter_L23_READY DLLP packet
11-27 18:30:12.690     0     0 E         : [3:dhd_rpm_state_t: 3977] exynos-pcie 13ed0000.pcie0: pcie clk enable, ret value = 0
11-27 18:30:12.708     0     0 E         : [0:dhd_rpm_state_t: 3977] exynos-pcie 13ed0000.pcie0: phy clk enable, ret value = 0
11-27 18:30:12.709     0     0 E         : [0:dhd_rpm_state_t: 3977] exynos-pcie 13ed0000.pcie0: l1ss disabled(0x10)
11-27 18:30:14.517  6771  6771 E WifiHAL : Creating message to get cached scan results
11-27 18:30:14.518  7187  7545 E WifiStaIfaceAidlImpl: getCachedScanData failed with service-specific exception: android.os.ServiceSpecificException:  (code 4)
11-27 18:30:16.301     0     0 E         : [1:dhd_rpm_state_t: 3977] exynos-pcie 13ed0000.pcie0: Current LTSSM State is 0x14 with retry_cnt =0.
11-27 18:30:16.323     0     0 E         : [1:dhd_rpm_state_t: 3977] exynos-pcie 13ed0000.pcie0: cannot receive ack message from wifi
11-27 18:30:16.346     0     0 E         : [1:dhd_rpm_state_t: 3977] exynos-pcie 13ed0000.pcie0: Current LTSSM State is 0xd with retry_cnt =1.
11-27 18:30:16.346     0     0 E         : [1:dhd_rpm_state_t: 3977] exynos-pcie 13ed0000.pcie0: cannot receive ack message from wifi
11-27 18:30:16.346     0     0 E         : [1:dhd_rpm_state_t: 3977] exynos-pcie 13ed0000.pcie0: received Enter_L23_READY DLLP packet
11-27 18:30:16.993     0     0 E         : [0:dhd_rpm_state_t: 3977] exynos-pcie 13ed0000.pcie0: pcie clk enable, ret value = 0
11-27 18:30:17.012     0     0 E         : [3:dhd_rpm_state_t: 3977] exynos-pcie 13ed0000.pcie0: phy clk enable, ret value = 0
11-27 18:30:17.013     0     0 E         : [3:dhd_rpm_state_t: 3977] exynos-pcie 13ed0000.pcie0: l1ss disabled(0x10)
11-27 18:30:17.609  6771  6771 E WifiHAL : Creating message to get cached scan results
11-27 18:30:17.610  7187  7545 E WifiStaIfaceAidlImpl: getCachedScanData failed with service-specific exception: android.os.ServiceSpecificException:  (code 4)
11-27 18:30:18.852     0     0 E         : [1:dhd_rpm_state_t: 3977] exynos-pcie 13ed0000.pcie0: Current LTSSM State is 0xd with retry_cnt =0.
11-27 18:30:18.852     0     0 E         : [1:dhd_rpm_state_t: 3977] exynos-pcie 13ed0000.pcie0: ack message is ok
11-27 18:30:18.852     0     0 E         : [1:dhd_rpm_state_t: 3977] exynos-pcie 13ed0000.pcie0: received Enter_L23_READY DLLP packet
11-27 18:30:19.143     0     0 E         : [1:dhd_rpm_state_t: 3977] exynos-pcie 13ed0000.pcie0: pcie clk enable, ret value = 0
11-27 18:30:19.163     0     0 E         : [3:dhd_rpm_state_t: 3977] exynos-pcie 13ed0000.pcie0: phy clk enable, ret value = 0
11-27 18:30:19.164     0     0 E         : [3:dhd_rpm_state_t: 3977] exynos-pcie 13ed0000.pcie0: l1ss disabled(0x10)
11-27 18:30:20.364     0     0 E         : [0:dhd_rpm_state_t: 3977] exynos-pcie 13ed0000.pcie0: Current LTSSM State is 0xd with retry_cnt =0.
11-27 18:30:20.364     0     0 E         : [0:dhd_rpm_state_t: 3977] exynos-pcie 13ed0000.pcie0: ack message is ok
11-27 18:30:20.364     0     0 E         : [0:dhd_rpm_state_t: 3977] exynos-pcie 13ed0000.pcie0: received Enter_L23_READY DLLP packet
11-27 18:30:20.673     0     0 E         : [0:dhd_rpm_state_t: 3977] exynos-pcie 13ed0000.pcie0: pcie clk enable, ret value = 0
11-27 18:30:20.692     0     0 E         : [1:dhd_rpm_state_t: 3977] exynos-pcie 13ed0000.pcie0: phy clk enable, ret value = 0
11-27 18:30:20.693     0     0 E         : [1:dhd_rpm_state_t: 3977] exynos-pcie 13ed0000.pcie0: l1ss disabled(0x10)
11-27 18:30:20.753  6771  6771 E WifiHAL : Creating message to get cached scan results
11-27 18:30:20.754  7187  7545 E WifiStaIfaceAidlImpl: getCachedScanData failed with service-specific exception: android.os.ServiceSpecificException:  (code 4)
11-27 18:30:22.117     0     0 E         : [0:dhd_rpm_state_t: 3977] exynos-pcie 13ed0000.pcie0: Current LTSSM State is 0xd with retry_cnt =0.
11-27 18:30:22.117     0     0 E         : [0:dhd_rpm_state_t: 3977] exynos-pcie 13ed0000.pcie0: ack message is ok
11-27 18:30:22.117     0     0 E         : [0:dhd_rpm_state_t: 3977] exynos-pcie 13ed0000.pcie0: received Enter_L23_READY DLLP packet
11-27 18:30:23.137     0     0 E         : [3:dhd_rpm_state_t: 3977] exynos-pcie 13ed0000.pcie0: pcie clk enable, ret value = 0
11-27 18:30:23.156     0     0 E         : [3:dhd_rpm_state_t: 3977] exynos-pcie 13ed0000.pcie0: phy clk enable, ret value = 0
11-27 18:30:23.157     0     0 E         : [3:dhd_rpm_state_t: 3977] exynos-pcie 13ed0000.pcie0: l1ss disabled(0x10)
11-27 18:30:23.861  6771  6771 E WifiHAL : Creating message to get cached scan results
11-27 18:30:23.862  7187  7545 E WifiStaIfaceAidlImpl: getCachedScanData failed with service-specific exception: android.os.ServiceSpecificException:  (code 4)
11-27 18:30:26.120     0     0 E         : [2:dhd_rpm_state_t: 3977] exynos-pcie 13ed0000.pcie0: Current LTSSM State is 0xd with retry_cnt =0.
11-27 18:30:26.120     0     0 E         : [2:dhd_rpm_state_t: 3977] exynos-pcie 13ed0000.pcie0: ack message is ok
11-27 18:30:26.120     0     0 E         : [2:dhd_rpm_state_t: 3977] exynos-pcie 13ed0000.pcie0: received Enter_L23_READY DLLP packet
11-27 18:30:26.917     0     0 E         : [0:dhd_rpm_state_t: 3977] exynos-pcie 13ed0000.pcie0: pcie clk enable, ret value = 0
11-27 18:30:26.936     0     0 E         : [1:dhd_rpm_state_t: 3977] exynos-pcie 13ed0000.pcie0: phy clk enable, ret value = 0
11-27 18:30:26.937     0     0 E         : [1:dhd_rpm_state_t: 3977] exynos-pcie 13ed0000.pcie0: l1ss disabled(0x10)
11-27 18:30:26.995  6771 13460 E WifiHAL : Creating message to get cached scan results
11-27 18:30:26.996  7187  7545 E WifiStaIfaceAidlImpl: getCachedScanData failed with service-specific exception: android.os.ServiceSpecificException:  (code 4)
11-27 18:30:28.241     0     0 E         : [3:dhd_rpm_state_t: 3977] exynos-pcie 13ed0000.pcie0: Current LTSSM State is 0xd with retry_cnt =0.
11-27 18:30:28.241     0     0 E         : [3:dhd_rpm_state_t: 3977] exynos-pcie 13ed0000.pcie0: ack message is ok
11-27 18:30:28.241     0     0 E         : [3:dhd_rpm_state_t: 3977] exynos-pcie 13ed0000.pcie0: received Enter_L23_READY DLLP packet
11-27 18:30:28.974     0     0 E         : [1:dhd_rpm_state_t: 3977] exynos-pcie 13ed0000.pcie0: pcie clk enable, ret value = 0
11-27 18:30:28.994     0     0 E         : [3:dhd_rpm_state_t: 3977] exynos-pcie 13ed0000.pcie0: phy clk enable, ret value = 0
11-27 18:30:28.995     0     0 E         : [3:dhd_rpm_state_t: 3977] exynos-pcie 13ed0000.pcie0: l1ss disabled(0x10)
11-27 18:30:30.094  6771 13460 E WifiHAL : Creating message to get cached scan results
11-27 18:30:30.098  7187  7545 E WifiStaIfaceAidlImpl: getCachedScanData failed with service-specific exception: android.os.ServiceSpecificException:  (code 4)
11-27 18:30:32.292     0     0 E         : [2:dhd_rpm_state_t: 3977] exynos-pcie 13ed0000.pcie0: Current LTSSM State is 0x14 with retry_cnt =0.
11-27 18:30:32.314     0     0 E         : [2:dhd_rpm_state_t: 3977] exynos-pcie 13ed0000.pcie0: cannot receive ack message from wifi
11-27 18:30:32.337     0     0 E         : [2:dhd_rpm_state_t: 3977] exynos-pcie 13ed0000.pcie0: Current LTSSM State is 0xd with retry_cnt =1.
11-27 18:30:32.337     0     0 E         : [2:dhd_rpm_state_t: 3977] exynos-pcie 13ed0000.pcie0: cannot receive ack message from wifi
11-27 18:30:32.337     0     0 E         : [2:dhd_rpm_state_t: 3977] exynos-pcie 13ed0000.pcie0: received Enter_L23_READY DLLP packet
11-27 18:30:32.967     0     0 E         : [0:dhd_rpm_state_t: 3977] exynos-pcie 13ed0000.pcie0: pcie clk enable, ret value = 0
11-27 18:30:32.988     0     0 E         : [3:dhd_rpm_state_t: 3977] exynos-pcie 13ed0000.pcie0: phy clk enable, ret value = 0
11-27 18:30:32.989     0     0 E         : [3:dhd_rpm_state_t: 3977] exynos-pcie 13ed0000.pcie0: l1ss disabled(0x10)
11-27 18:30:33.207  6771  6771 E WifiHAL : Creating message to get cached scan results
11-27 18:30:33.208  7187  7545 E WifiStaIfaceAidlImpl: getCachedScanData failed with service-specific exception: android.os.ServiceSpecificException:  (code 4)
11-27 18:30:34.400     0     0 E         : [1:dhd_rpm_state_t: 3977] exynos-pcie 13ed0000.pcie0: Current LTSSM State is 0x14 with retry_cnt =0.
11-27 18:30:34.400     0     0 E         : [1:dhd_rpm_state_t: 3977] exynos-pcie 13ed0000.pcie0: ack message is ok
11-27 18:30:34.400     0     0 E         : [1:dhd_rpm_state_t: 3977] exynos-pcie 13ed0000.pcie0: received Enter_L23_READY DLLP packet
11-27 18:30:35.118     0     0 E         : [2:dhd_rpm_state_t: 3977] exynos-pcie 13ed0000.pcie0: pcie clk enable, ret value = 0
11-27 18:30:35.137     0     0 E         : [1:dhd_rpm_state_t: 3977] exynos-pcie 13ed0000.pcie0: phy clk enable, ret value = 0
11-27 18:30:35.137     0     0 E         : [1:dhd_rpm_state_t: 3977] exynos-pcie 13ed0000.pcie0: l1ss disabled(0x10)
11-27 18:30:36.326  6771 13460 E WifiHAL : Creating message to get cached scan results
11-27 18:30:36.331  7187  7545 E WifiStaIfaceAidlImpl: getCachedScanData failed with service-specific exception: android.os.ServiceSpecificException:  (code 4)
11-27 18:30:38.117     0     0 E         : [1:dhd_rpm_state_t: 3977] exynos-pcie 13ed0000.pcie0: Current LTSSM State is 0xd with retry_cnt =0.
11-27 18:30:38.117     0     0 E         : [1:dhd_rpm_state_t: 3977] exynos-pcie 13ed0000.pcie0: ack message is ok
11-27 18:30:38.117     0     0 E         : [1:dhd_rpm_state_t: 3977] exynos-pcie 13ed0000.pcie0: received Enter_L23_READY DLLP packet
11-27 18:30:39.111     0     0 E         : [3:dhd_rpm_state_t: 3977] exynos-pcie 13ed0000.pcie0: pcie clk enable, ret value = 0
11-27 18:30:39.131     0     0 E         : [0:dhd_rpm_state_t: 3977] exynos-pcie 13ed0000.pcie0: phy clk enable, ret value = 0
11-27 18:30:39.132     0     0 E         : [0:dhd_rpm_state_t: 3977] exynos-pcie 13ed0000.pcie0: l1ss disabled(0x10)
11-27 18:30:39.430  6771 13460 E WifiHAL : Creating message to get cached scan results
11-27 18:30:39.431  7187  7545 E WifiStaIfaceAidlImpl: getCachedScanData failed with service-specific exception: android.os.ServiceSpecificException:  (code 4)
11-27 18:30:40.644     0     0 E         : [2:dhd_rpm_state_t: 3977] exynos-pcie 13ed0000.pcie0: Current LTSSM State is 0xd with retry_cnt =0.
11-27 18:30:40.644     0     0 E         : [2:dhd_rpm_state_t: 3977] exynos-pcie 13ed0000.pcie0: ack message is ok
11-27 18:30:40.644     0     0 E         : [2:dhd_rpm_state_t: 3977] exynos-pcie 13ed0000.pcie0: received Enter_L23_READY DLLP packet
11-27 18:30:40.955     0     0 E         : [3:dhd_rpm_state_t: 3977] exynos-pcie 13ed0000.pcie0: pcie clk enable, ret value = 0
11-27 18:30:40.975     0     0 E         : [3:dhd_rpm_state_t: 3977] exynos-pcie 13ed0000.pcie0: phy clk enable, ret value = 0
11-27 18:30:40.975     0     0 E         : [3:dhd_rpm_state_t: 3977] exynos-pcie 13ed0000.pcie0: l1ss disabled(0x10)
11-27 18:30:42.184     0     0 E         : [3:dhd_rpm_state_t: 3977] exynos-pcie 13ed0000.pcie0: Current LTSSM State is 0xd with retry_cnt =0.
11-27 18:30:42.184     0     0 E         : [3:dhd_rpm_state_t: 3977] exynos-pcie 13ed0000.pcie0: ack message is ok
11-27 18:30:42.184     0     0 E         : [3:dhd_rpm_state_t: 3977] exynos-pcie 13ed0000.pcie0: received Enter_L23_READY DLLP packet
11-27 18:30:42.500     0     0 E         : [2:dhd_rpm_state_t: 3977] exynos-pcie 13ed0000.pcie0: pcie clk enable, ret value = 0
11-27 18:30:42.520     0     0 E         : [0:dhd_rpm_state_t: 3977] exynos-pcie 13ed0000.pcie0: phy clk enable, ret value = 0
11-27 18:30:42.521     0     0 E         : [0:dhd_rpm_state_t: 3977] exynos-pcie 13ed0000.pcie0: l1ss disabled(0x10)
11-27 18:30:42.588  6771 13460 E WifiHAL : Creating message to get cached scan results
11-27 18:30:42.589  7187  7545 E WifiStaIfaceAidlImpl: getCachedScanData failed with service-specific exception: android.os.ServiceSpecificException:  (code 4)
11-27 18:30:44.254     0     0 E         : [1:dhd_rpm_state_t: 3977] exynos-pcie 13ed0000.pcie0: Current LTSSM State is 0xd with retry_cnt =0.
11-27 18:30:44.254     0     0 E         : [1:dhd_rpm_state_t: 3977] exynos-pcie 13ed0000.pcie0: ack message is ok
11-27 18:30:44.254     0     0 E         : [1:dhd_rpm_state_t: 3977] exynos-pcie 13ed0000.pcie0: received Enter_L23_READY DLLP packet
11-27 18:30:44.948     0     0 E         : [3:dhd_rpm_state_t: 3977] exynos-pcie 13ed0000.pcie0: pcie clk enable, ret value = 0
11-27 18:30:44.968     0     0 E         : [3:dhd_rpm_state_t: 3977] exynos-pcie 13ed0000.pcie0: phy clk enable, ret value = 0
11-27 18:30:44.969     0     0 E         : [3:dhd_rpm_state_t: 3977] exynos-pcie 13ed0000.pcie0: l1ss disabled(0x10)
11-27 18:30:45.691  6771 13460 E WifiHAL : Creating message to get cached scan results
11-27 18:30:45.692  7187  7545 E WifiStaIfaceAidlImpl: getCachedScanData failed with service-specific exception: android.os.ServiceSpecificException:  (code 4)
11-27 18:30:46.886     0     0 E         : [0:dhd_rpm_state_t: 3977] exynos-pcie 13ed0000.pcie0: Current LTSSM State is 0xd with retry_cnt =0.
11-27 18:30:46.886     0     0 E         : [0:dhd_rpm_state_t: 3977] exynos-pcie 13ed0000.pcie0: ack message is ok
11-27 18:30:46.886     0     0 E         : [0:dhd_rpm_state_t: 3977] exynos-pcie 13ed0000.pcie0: received Enter_L23_READY DLLP packet
11-27 18:30:47.099     0     0 E         : [2:dhd_rpm_state_t: 3977] exynos-pcie 13ed0000.pcie0: pcie clk enable, ret value = 0
11-27 18:30:47.119     0     0 E         : [2:dhd_rpm_state_t: 3977] exynos-pcie 13ed0000.pcie0: phy clk enable, ret value = 0
11-27 18:30:47.120     0     0 E         : [2:dhd_rpm_state_t: 3977] exynos-pcie 13ed0000.pcie0: l1ss disabled(0x10)
11-27 18:30:48.324     0     0 E         : [0:dhd_rpm_state_t: 3977] exynos-pcie 13ed0000.pcie0: Current LTSSM State is 0xd with retry_cnt =0.
11-27 18:30:48.324     0     0 E         : [0:dhd_rpm_state_t: 3977] exynos-pcie 13ed0000.pcie0: ack message is ok
11-27 18:30:48.324     0     0 E         : [0:dhd_rpm_state_t: 3977] exynos-pcie 13ed0000.pcie0: received Enter_L23_READY DLLP packet
11-27 18:30:48.385     0     0 E         : [1:dhd_rpm_state_t: 3977] exynos-pcie 13ed0000.pcie0: pcie clk enable, ret value = 0
11-27 18:30:48.405     0     0 E         : [0:dhd_rpm_state_t: 3977] exynos-pcie 13ed0000.pcie0: phy clk enable, ret value = 0
11-27 18:30:48.406     0     0 E         : [0:dhd_rpm_state_t: 3977] exynos-pcie 13ed0000.pcie0: l1ss disabled(0x10)
11-27 18:30:48.791  6771  6771 E WifiHAL : Creating message to get cached scan results
11-27 18:30:48.792  7187  7545 E WifiStaIfaceAidlImpl: getCachedScanData failed with service-specific exception: android.os.ServiceSpecificException:  (code 4)
11-27 18:30:51.903  6771  6771 E WifiHAL : Creating message to get cached scan results
11-27 18:30:51.905  7187  7545 E WifiStaIfaceAidlImpl: getCachedScanData failed with service-specific exception: android.os.ServiceSpecificException:  (code 4)
11-27 18:30:54.110     0     0 E         : [1:dhd_rpm_state_t: 3977] exynos-pcie 13ed0000.pcie0: Current LTSSM State is 0xd with retry_cnt =0.
11-27 18:30:54.110     0     0 E         : [1:dhd_rpm_state_t: 3977] exynos-pcie 13ed0000.pcie0: ack message is ok
11-27 18:30:54.110     0     0 E         : [1:dhd_rpm_state_t: 3977] exynos-pcie 13ed0000.pcie0: received Enter_L23_READY DLLP packet
11-27 18:30:54.777     0     0 E         : [1:dhd_rpm_state_t: 3977] exynos-pcie 13ed0000.pcie0: pcie clk enable, ret value = 0
11-27 18:30:54.796     0     0 E         : [2:dhd_rpm_state_t: 3977] exynos-pcie 13ed0000.pcie0: phy clk enable, ret value = 0
11-27 18:30:54.797     0     0 E         : [2:dhd_rpm_state_t: 3977] exynos-pcie 13ed0000.pcie0: l1ss disabled(0x10)
11-27 18:30:55.014  6771  6771 E WifiHAL : Creating message to get cached scan results
11-27 18:30:55.017  7187  7545 E WifiStaIfaceAidlImpl: getCachedScanData failed with service-specific exception: android.os.ServiceSpecificException:  (code 4)
11-27 18:30:58.080     0     0 E         : [3:dhd_rpm_state_t: 3977] exynos-pcie 13ed0000.pcie0: Current LTSSM State is 0x14 with retry_cnt =0.
11-27 18:30:58.102     0     0 E         : [3:dhd_rpm_state_t: 3977] exynos-pcie 13ed0000.pcie0: cannot receive ack message from wifi
11-27 18:30:58.124     0     0 E         : [3:dhd_rpm_state_t: 3977] exynos-pcie 13ed0000.pcie0: Current LTSSM State is 0xd with retry_cnt =1.
11-27 18:30:58.124     0     0 E         : [3:dhd_rpm_state_t: 3977] exynos-pcie 13ed0000.pcie0: cannot receive ack message from wifi
11-27 18:30:58.124     0     0 E         : [3:dhd_rpm_state_t: 3977] exynos-pcie 13ed0000.pcie0: received Enter_L23_READY DLLP packet
11-27 18:30:58.125     0     0 E         : [3:dhd_rpm_state_t: 3977] exynos-pcie 13ed0000.pcie0: pcie clk enable, ret value = 0
11-27 18:30:58.144     0     0 E         : [3:dhd_rpm_state_t: 3977] exynos-pcie 13ed0000.pcie0: phy clk enable, ret value = 0
11-27 18:30:58.145     0     0 E         : [3:dhd_rpm_state_t: 3977] exynos-pcie 13ed0000.pcie0: l1ss disabled(0x10)
11-27 18:30:58.203  6771 13460 E WifiHAL : Creating message to get cached scan results
11-27 18:30:58.205  7187  7545 E WifiStaIfaceAidlImpl: getCachedScanData failed with service-specific exception: android.os.ServiceSpecificException:  (code 4)
11-27 18:30:58.207  6771  6771 E IPCThreadState: binder thread pool (1 threads) starved for 134 ms
11-27 18:31:01.314  6771  6771 E WifiHAL : Creating message to get cached scan results
11-27 18:31:01.315  7187  7545 E WifiStaIfaceAidlImpl: getCachedScanData failed with service-specific exception: android.os.ServiceSpecificException:  (code 4)
11-27 18:31:01.629 12559 12664 E Cello   : [12664:NonCelloThread] drive_v2_cloud_store.cc:6855:DumpToLog Request 0xb400007897264810: 0 transport: drive::ds::Status::UNAVAILABLE_WHILE_OFFLINE reader: drive::ds::Status::SUCCESS url: https://play.googleapis.com/log
11-27 18:31:01.630 12559 12664 E Cello   : [12664:NonCelloThread] drive_v2_cloud_store.cc:6855:DumpToLog req.hdr 0xb400007897264810: Content-Type=
11-27 18:31:01.630 12559 12664 E Cello   : [12664:NonCelloThread] drive_v2_cloud_store.cc:6855:DumpToLog Response body 0xb400007897264810: (no response body)
11-27 18:31:01.630 12559 12666 E Cello   : [12666:MetricsTransportThread-CELLO] metrics_transport.cc:242:SendRequest Request failed: drive::ds::Status::UNAVAILABLE_WHILE_OFFLINE
11-27 18:31:02.688     0     0 E         : [1:dhd_rpm_state_t: 3977] exynos-pcie 13ed0000.pcie0: Current LTSSM State is 0xd with retry_cnt =0.
11-27 18:31:02.688     0     0 E         : [1:dhd_rpm_state_t: 3977] exynos-pcie 13ed0000.pcie0: ack message is ok
11-27 18:31:02.688     0     0 E         : [1:dhd_rpm_state_t: 3977] exynos-pcie 13ed0000.pcie0: received Enter_L23_READY DLLP packet
11-27 18:31:03.073     0     0 E         : [2:dhd_rpm_state_t: 3977] exynos-pcie 13ed0000.pcie0: pcie clk enable, ret value = 0
11-27 18:31:03.092     0     0 E         : [1:dhd_rpm_state_t: 3977] exynos-pcie 13ed0000.pcie0: phy clk enable, ret value = 0
11-27 18:31:03.093     0     0 E         : [1:dhd_rpm_state_t: 3977] exynos-pcie 13ed0000.pcie0: l1ss disabled(0x10)
11-27 18:31:04.302     0     0 E         : [0:dhd_rpm_state_t: 3977] exynos-pcie 13ed0000.pcie0: Current LTSSM State is 0xd with retry_cnt =0.
11-27 18:31:04.302     0     0 E         : [0:dhd_rpm_state_t: 3977] exynos-pcie 13ed0000.pcie0: ack message is ok
11-27 18:31:04.302     0     0 E         : [0:dhd_rpm_state_t: 3977] exynos-pcie 13ed0000.pcie0: received Enter_L23_READY DLLP packet
11-27 18:31:04.371     0     0 E         : [3:dhd_rpm_state_t: 3977] exynos-pcie 13ed0000.pcie0: pcie clk enable, ret value = 0
11-27 18:31:04.391     0     0 E         : [3:dhd_rpm_state_t: 3977] exynos-pcie 13ed0000.pcie0: phy clk enable, ret value = 0
11-27 18:31:04.391     0     0 E         : [3:dhd_rpm_state_t: 3977] exynos-pcie 13ed0000.pcie0: l1ss disabled(0x10)
11-27 18:31:04.455  6771 13460 E WifiHAL : Creating message to get cached scan results
11-27 18:31:04.456  7187  7545 E WifiStaIfaceAidlImpl: getCachedScanData failed with service-specific exception: android.os.ServiceSpecificException:  (code 4)
11-27 18:31:06.123     0     0 E         : [3:dhd_rpm_state_t: 3977] exynos-pcie 13ed0000.pcie0: Current LTSSM State is 0xd with retry_cnt =0.
11-27 18:31:06.123     0     0 E         : [3:dhd_rpm_state_t: 3977] exynos-pcie 13ed0000.pcie0: ack message is ok
11-27 18:31:06.123     0     0 E         : [3:dhd_rpm_state_t: 3977] exynos-pcie 13ed0000.pcie0: received Enter_L23_READY DLLP packet
11-27 18:31:07.066     0     0 E         : [0:dhd_rpm_state_t: 3977] exynos-pcie 13ed0000.pcie0: pcie clk enable, ret value = 0
11-27 18:31:07.085     0     0 E         : [2:dhd_rpm_state_t: 3977] exynos-pcie 13ed0000.pcie0: phy clk enable, ret value = 0
11-27 18:31:07.086     0     0 E         : [2:dhd_rpm_state_t: 3977] exynos-pcie 13ed0000.pcie0: l1ss disabled(0x10)
11-27 18:31:07.562  6771 13460 E WifiHAL : Creating message to get cached scan results
11-27 18:31:07.562  7187  7545 E WifiStaIfaceAidlImpl: getCachedScanData failed with service-specific exception: android.os.ServiceSpecificException:  (code 4)
11-27 18:31:07.953  6771  6771 E WifiHAL : Creating message to get cached scan results
11-27 18:31:07.954  7187  7545 E WifiStaIfaceAidlImpl: getCachedScanData failed with service-specific exception: android.os.ServiceSpecificException:  (code 4)
11-27 18:31:10.051     0     0 E         : [3:dhd_rpm_state_t: 3977] exynos-pcie 13ed0000.pcie0: Current LTSSM State is 0xd with retry_cnt =0.
11-27 18:31:10.051     0     0 E         : [3:dhd_rpm_state_t: 3977] exynos-pcie 13ed0000.pcie0: ack message is ok
11-27 18:31:10.051     0     0 E         : [3:dhd_rpm_state_t: 3977] exynos-pcie 13ed0000.pcie0: received Enter_L23_READY DLLP packet
11-27 18:31:10.156     0     0 E         : [3:dhd_rpm_state_t: 3977] exynos-pcie 13ed0000.pcie0: pcie clk enable, ret value = 0
11-27 18:31:10.176     0     0 E         : [3:dhd_rpm_state_t: 3977] exynos-pcie 13ed0000.pcie0: phy clk enable, ret value = 0
11-27 18:31:10.177     0     0 E         : [3:dhd_rpm_state_t: 3977] exynos-pcie 13ed0000.pcie0: l1ss disabled(0x10)
11-27 18:31:10.654  6771  6771 E WifiHAL : Creating message to get cached scan results
11-27 18:31:10.655  7187  7545 E WifiStaIfaceAidlImpl: getCachedScanData failed with service-specific exception: android.os.ServiceSpecificException:  (code 4)
11-27 18:31:12.232     0     0 E         : [3:dhd_rpm_state_t: 3977] exynos-pcie 13ed0000.pcie0: Current LTSSM State is 0x14 with retry_cnt =0.
11-27 18:31:12.254     0     0 E         : [3:dhd_rpm_state_t: 3977] exynos-pcie 13ed0000.pcie0: cannot receive ack message from wifi
11-27 18:31:12.277     0     0 E         : [3:dhd_rpm_state_t: 3977] exynos-pcie 13ed0000.pcie0: Current LTSSM State is 0xd with retry_cnt =1.
11-27 18:31:12.277     0     0 E         : [3:dhd_rpm_state_t: 3977] exynos-pcie 13ed0000.pcie0: cannot receive ack message from wifi
11-27 18:31:12.277     0     0 E         : [3:dhd_rpm_state_t: 3977] exynos-pcie 13ed0000.pcie0: received Enter_L23_READY DLLP packet
11-27 18:31:12.903     0     0 E         : [0:dhd_rpm_state_t: 3977] exynos-pcie 13ed0000.pcie0: pcie clk enable, ret value = 0
11-27 18:31:12.924     0     0 E         : [3:dhd_rpm_state_t: 3977] exynos-pcie 13ed0000.pcie0: phy clk enable, ret value = 0
11-27 18:31:12.924     0     0 E         : [3:dhd_rpm_state_t: 3977] exynos-pcie 13ed0000.pcie0: l1ss disabled(0x10)
11-27 18:31:13.765  6771  6771 E WifiHAL : Creating message to get cached scan results
11-27 18:31:13.766  7187  7545 E WifiStaIfaceAidlImpl: getCachedScanData failed with service-specific exception: android.os.ServiceSpecificException:  (code 4)
11-27 18:31:14.962     0     0 E         : [1:dhd_rpm_state_t: 3977] exynos-pcie 13ed0000.pcie0: Current LTSSM State is 0x14 with retry_cnt =0.
11-27 18:31:14.984     0     0 E         : [1:dhd_rpm_state_t: 3977] exynos-pcie 13ed0000.pcie0: cannot receive ack message from wifi
11-27 18:31:15.007     0     0 E         : [1:dhd_rpm_state_t: 3977] exynos-pcie 13ed0000.pcie0: Current LTSSM State is 0xd with retry_cnt =1.
11-27 18:31:15.007     0     0 E         : [1:dhd_rpm_state_t: 3977] exynos-pcie 13ed0000.pcie0: cannot receive ack message from wifi
11-27 18:31:15.007     0     0 E         : [1:dhd_rpm_state_t: 3977] exynos-pcie 13ed0000.pcie0: received Enter_L23_READY DLLP packet
11-27 18:31:15.054     0     0 E         : [3:dhd_rpm_state_t: 3977] exynos-pcie 13ed0000.pcie0: pcie clk enable, ret value = 0
11-27 18:31:15.075     0     0 E         : [2:dhd_rpm_state_t: 3977] exynos-pcie 13ed0000.pcie0: phy clk enable, ret value = 0
11-27 18:31:15.078     0     0 E         : [2:dhd_rpm_state_t: 3977] exynos-pcie 13ed0000.pcie0: l1ss disabled(0x10)
11-27 18:31:16.284     0     0 E         : [0:dhd_rpm_state_t: 3977] exynos-pcie 13ed0000.pcie0: Current LTSSM State is 0xd with retry_cnt =0.
11-27 18:31:16.284     0     0 E         : [0:dhd_rpm_state_t: 3977] exynos-pcie 13ed0000.pcie0: ack message is ok
11-27 18:31:16.284     0     0 E         : [0:dhd_rpm_state_t: 3977] exynos-pcie 13ed0000.pcie0: received Enter_L23_READY DLLP packet
11-27 18:31:16.825     0     0 E         : [0:dhd_rpm_state_t: 3977] exynos-pcie 13ed0000.pcie0: pcie clk enable, ret value = 0
11-27 18:31:16.844     0     0 E         : [2:dhd_rpm_state_t: 3977] exynos-pcie 13ed0000.pcie0: phy clk enable, ret value = 0
11-27 18:31:16.845     0     0 E         : [2:dhd_rpm_state_t: 3977] exynos-pcie 13ed0000.pcie0: l1ss disabled(0x10)
11-27 18:31:16.897  6771  6771 E WifiHAL : Creating message to get cached scan results
11-27 18:31:16.898  7187  7545 E WifiStaIfaceAidlImpl: getCachedScanData failed with service-specific exception: android.os.ServiceSpecificException:  (code 4)
11-27 18:31:18.045     0     0 E         : [0:dhd_rpm_state_t: 3977] exynos-pcie 13ed0000.pcie0: Current LTSSM State is 0xd with retry_cnt =0.
11-27 18:31:18.045     0     0 E         : [0:dhd_rpm_state_t: 3977] exynos-pcie 13ed0000.pcie0: ack message is ok
11-27 18:31:18.045     0     0 E         : [0:dhd_rpm_state_t: 3977] exynos-pcie 13ed0000.pcie0: received Enter_L23_READY DLLP packet
11-27 18:31:19.048     0     0 E         : [3:dhd_rpm_state_t: 3977] exynos-pcie 13ed0000.pcie0: pcie clk enable, ret value = 0
11-27 18:31:19.068     0     0 E         : [3:dhd_rpm_state_t: 3977] exynos-pcie 13ed0000.pcie0: phy clk enable, ret value = 0
11-27 18:31:19.069     0     0 E         : [3:dhd_rpm_state_t: 3977] exynos-pcie 13ed0000.pcie0: l1ss disabled(0x10)
11-27 18:31:19.997  6771 13460 E WifiHAL : Creating message to get cached scan results
11-27 18:31:19.998  7187  7545 E WifiStaIfaceAidlImpl: getCachedScanData failed with service-specific exception: android.os.ServiceSpecificException:  (code 4)
11-27 18:31:22.072     0     0 E         : [0:dhd_rpm_state_t: 3977] exynos-pcie 13ed0000.pcie0: Current LTSSM State is 0xd with retry_cnt =0.
11-27 18:31:22.072     0     0 E         : [0:dhd_rpm_state_t: 3977] exynos-pcie 13ed0000.pcie0: ack message is ok
11-27 18:31:22.072     0     0 E         : [0:dhd_rpm_state_t: 3977] exynos-pcie 13ed0000.pcie0: received Enter_L23_READY DLLP packet
11-27 18:31:22.731     0     0 E         : [3:dhd_rpm_state_t: 3977] exynos-pcie 13ed0000.pcie0: pcie clk enable, ret value = 0
11-27 18:31:22.752     0     0 E         : [1:dhd_rpm_state_t: 3977] exynos-pcie 13ed0000.pcie0: phy clk enable, ret value = 0
11-27 18:31:22.753     0     0 E         : [1:dhd_rpm_state_t: 3977] exynos-pcie 13ed0000.pcie0: l1ss disabled(0x10)
11-27 18:31:23.102  6771  6771 E WifiHAL : Creating message to get cached scan results
11-27 18:31:23.104  7187  7545 E WifiStaIfaceAidlImpl: getCachedScanData failed with service-specific exception: android.os.ServiceSpecificException:  (code 4)
11-27 18:31:26.208  6771  6771 E WifiHAL : Creating message to get cached scan results
11-27 18:31:26.211  7187  7545 E WifiStaIfaceAidlImpl: getCachedScanData failed with service-specific exception: android.os.ServiceSpecificException:  (code 4)
11-27 18:31:28.799     0     0 E         : [0:dhd_rpm_state_t: 3977] exynos-pcie 13ed0000.pcie0: Current LTSSM State is 0xd with retry_cnt =0.
11-27 18:31:28.799     0     0 E         : [0:dhd_rpm_state_t: 3977] exynos-pcie 13ed0000.pcie0: ack message is ok
11-27 18:31:28.799     0     0 E         : [0:dhd_rpm_state_t: 3977] exynos-pcie 13ed0000.pcie0: received Enter_L23_READY DLLP packet
11-27 18:31:28.875     0     0 E         : [2:dhd_rpm_state_t: 3977] exynos-pcie 13ed0000.pcie0: pcie clk enable, ret value = 0
11-27 18:31:28.896     0     0 E         : [2:dhd_rpm_state_t: 3977] exynos-pcie 13ed0000.pcie0: phy clk enable, ret value = 0
11-27 18:31:28.897     0     0 E         : [2:dhd_rpm_state_t: 3977] exynos-pcie 13ed0000.pcie0: l1ss disabled(0x10)
11-27 18:31:29.321  6771  6771 E WifiHAL : Creating message to get cached scan results
11-27 18:31:29.327  7187  7545 E WifiStaIfaceAidlImpl: getCachedScanData failed with service-specific exception: android.os.ServiceSpecificException:  (code 4)
11-27 18:31:30.939     0     0 E         : [0:dhd_rpm_state_t: 3977] exynos-pcie 13ed0000.pcie0: Current LTSSM State is 0xd with retry_cnt =0.
11-27 18:31:30.940     0     0 E         : [0:dhd_rpm_state_t: 3977] exynos-pcie 13ed0000.pcie0: ack message is ok
11-27 18:31:30.940     0     0 E         : [0:dhd_rpm_state_t: 3977] exynos-pcie 13ed0000.pcie0: received Enter_L23_READY DLLP packet
11-27 18:31:31.033     0     0 E         : [0:dhd_rpm_state_t: 3977] exynos-pcie 13ed0000.pcie0: pcie clk enable, ret value = 0
11-27 18:31:31.052     0     0 E         : [3:dhd_rpm_state_t: 3977] exynos-pcie 13ed0000.pcie0: phy clk enable, ret value = 0
11-27 18:31:31.053     0     0 E         : [3:dhd_rpm_state_t: 3977] exynos-pcie 13ed0000.pcie0: l1ss disabled(0x10)
11-27 18:31:32.262     0     0 E         : [2:dhd_rpm_state_t: 3977] exynos-pcie 13ed0000.pcie0: Current LTSSM State is 0xd with retry_cnt =0.
11-27 18:31:32.262     0     0 E         : [2:dhd_rpm_state_t: 3977] exynos-pcie 13ed0000.pcie0: ack message is ok
11-27 18:31:32.262     0     0 E         : [2:dhd_rpm_state_t: 3977] exynos-pcie 13ed0000.pcie0: received Enter_L23_READY DLLP packet
11-27 18:31:32.396     0     0 E         : [0:dhd_rpm_state_t: 3977] exynos-pcie 13ed0000.pcie0: pcie clk enable, ret value = 0
11-27 18:31:32.416     0     0 E         : [2:dhd_rpm_state_t: 3977] exynos-pcie 13ed0000.pcie0: phy clk enable, ret value = 0
11-27 18:31:32.417     0     0 E         : [2:dhd_rpm_state_t: 3977] exynos-pcie 13ed0000.pcie0: l1ss disabled(0x10)
11-27 18:31:32.476  6771  6771 E WifiHAL : Creating message to get cached scan results
11-27 18:31:32.480  7187  7545 E WifiStaIfaceAidlImpl: getCachedScanData failed with service-specific exception: android.os.ServiceSpecificException:  (code 4)
11-27 18:31:34.028     0     0 E         : [1:dhd_rpm_state_t: 3977] exynos-pcie 13ed0000.pcie0: Current LTSSM State is 0xd with retry_cnt =0.
11-27 18:31:34.028     0     0 E         : [1:dhd_rpm_state_t: 3977] exynos-pcie 13ed0000.pcie0: ack message is ok
11-27 18:31:34.028     0     0 E         : [1:dhd_rpm_state_t: 3977] exynos-pcie 13ed0000.pcie0: received Enter_L23_READY DLLP packet
11-27 18:31:35.023     0     0 E         : [2:dhd_rpm_state_t: 3977] exynos-pcie 13ed0000.pcie0: pcie clk enable, ret value = 0
11-27 18:31:35.042     0     0 E         : [0:dhd_rpm_state_t: 3977] exynos-pcie 13ed0000.pcie0: phy clk enable, ret value = 0
11-27 18:31:35.043     0     0 E         : [0:dhd_rpm_state_t: 3977] exynos-pcie 13ed0000.pcie0: l1ss disabled(0x10)
11-27 18:31:35.596  6771  6771 E WifiHAL : Creating message to get cached scan results
11-27 18:31:35.597  7187  7545 E WifiStaIfaceAidlImpl: getCachedScanData failed with service-specific exception: android.os.ServiceSpecificException:  (code 4)
11-27 18:31:36.773     0     0 E         : [3:dhd_rpm_state_t: 3977] exynos-pcie 13ed0000.pcie0: Current LTSSM State is 0xd with retry_cnt =0.
11-27 18:31:36.773     0     0 E         : [3:dhd_rpm_state_t: 3977] exynos-pcie 13ed0000.pcie0: ack message is ok
11-27 18:31:36.773     0     0 E         : [3:dhd_rpm_state_t: 3977] exynos-pcie 13ed0000.pcie0: received Enter_L23_READY DLLP packet
11-27 18:31:36.865     0     0 E         : [3:dhd_rpm_state_t: 3977] exynos-pcie 13ed0000.pcie0: pcie clk enable, ret value = 0
11-27 18:31:36.884     0     0 E         : [2:dhd_rpm_state_t: 3977] exynos-pcie 13ed0000.pcie0: phy clk enable, ret value = 0
11-27 18:31:36.885     0     0 E         : [2:dhd_rpm_state_t: 3977] exynos-pcie 13ed0000.pcie0: l1ss disabled(0x10)
11-27 18:31:38.696  6771  6771 E WifiHAL : Creating message to get cached scan results
11-27 18:31:38.699  7187  7545 E WifiStaIfaceAidlImpl: getCachedScanData failed with service-specific exception: android.os.ServiceSpecificException:  (code 4)
11-27 18:31:40.804     0     0 E         : [1:dhd_rpm_state_t: 3977] exynos-pcie 13ed0000.pcie0: Current LTSSM State is 0xd with retry_cnt =0.
11-27 18:31:40.804     0     0 E         : [1:dhd_rpm_state_t: 3977] exynos-pcie 13ed0000.pcie0: ack message is ok
11-27 18:31:40.804     0     0 E         : [1:dhd_rpm_state_t: 3977] exynos-pcie 13ed0000.pcie0: received Enter_L23_READY DLLP packet
11-27 18:31:41.166     0     0 E         : [2:dhd_rpm_state_t: 3977] exynos-pcie 13ed0000.pcie0: pcie clk enable, ret value = 0
11-27 18:31:41.184     0     0 E         : [2:dhd_rpm_state_t: 3977] exynos-pcie 13ed0000.pcie0: phy clk enable, ret value = 0
11-27 18:31:41.185     0     0 E         : [2:dhd_rpm_state_t: 3977] exynos-pcie 13ed0000.pcie0: l1ss disabled(0x10)
11-27 18:31:41.812  6771 13460 E WifiHAL : Creating message to get cached scan results
11-27 18:31:41.814  7187  7545 E WifiStaIfaceAidlImpl: getCachedScanData failed with service-specific exception: android.os.ServiceSpecificException:  (code 4)
11-27 18:31:43.012     0     0 E         : [1:dhd_rpm_state_t: 3977] exynos-pcie 13ed0000.pcie0: Current LTSSM State is 0xd with retry_cnt =0.
11-27 18:31:43.012     0     0 E         : [1:dhd_rpm_state_t: 3977] exynos-pcie 13ed0000.pcie0: ack message is ok
11-27 18:31:43.012     0     0 E         : [1:dhd_rpm_state_t: 3977] exynos-pcie 13ed0000.pcie0: received Enter_L23_READY DLLP packet
11-27 18:31:43.012     0     0 E         : [1:dhd_rpm_state_t: 3977] exynos-pcie 13ed0000.pcie0: pcie clk enable, ret value = 0
11-27 18:31:43.032     0     0 E         : [3:dhd_rpm_state_t: 3977] exynos-pcie 13ed0000.pcie0: phy clk enable, ret value = 0
11-27 18:31:43.033     0     0 E         : [3:dhd_rpm_state_t: 3977] exynos-pcie 13ed0000.pcie0: l1ss disabled(0x10)
11-27 18:31:44.922  6771 13460 E WifiHAL : Creating message to get cached scan results
11-27 18:31:44.923  7187  7545 E WifiStaIfaceAidlImpl: getCachedScanData failed with service-specific exception: android.os.ServiceSpecificException:  (code 4)
11-27 18:31:46.251     0     0 E         : [2:dhd_rpm_state_t: 3977] exynos-pcie 13ed0000.pcie0: Current LTSSM State is 0xd with retry_cnt =0.
11-27 18:31:46.251     0     0 E         : [2:dhd_rpm_state_t: 3977] exynos-pcie 13ed0000.pcie0: ack message is ok
11-27 18:31:46.251     0     0 E         : [2:dhd_rpm_state_t: 3977] exynos-pcie 13ed0000.pcie0: received Enter_L23_READY DLLP packet
11-27 18:31:47.003     0     0 E         : [3:dhd_rpm_state_t: 3977] exynos-pcie 13ed0000.pcie0: pcie clk enable, ret value = 0
11-27 18:31:47.023     0     0 E         : [2:dhd_rpm_state_t: 3977] exynos-pcie 13ed0000.pcie0: phy clk enable, ret value = 0
11-27 18:31:47.024     0     0 E         : [2:dhd_rpm_state_t: 3977] exynos-pcie 13ed0000.pcie0: l1ss disabled(0x10)
11-27 18:31:48.044  6771 13460 E WifiHAL : Creating message to get cached scan results
11-27 18:31:48.044  7187  7545 E WifiStaIfaceAidlImpl: getCachedScanData failed with service-specific exception: android.os.ServiceSpecificException:  (code 4)
11-27 18:31:51.156  6771  6771 E WifiHAL : Creating message to get cached scan results
11-27 18:31:51.156  7187  7545 E WifiStaIfaceAidlImpl: getCachedScanData failed with service-specific exception: android.os.ServiceSpecificException:  (code 4)
11-27 18:31:52.332     0     0 E         : [3:dhd_rpm_state_t: 3977] exynos-pcie 13ed0000.pcie0: Current LTSSM State is 0xd with retry_cnt =0.
11-27 18:31:52.332     0     0 E         : [3:dhd_rpm_state_t: 3977] exynos-pcie 13ed0000.pcie0: ack message is ok
11-27 18:31:52.332     0     0 E         : [3:dhd_rpm_state_t: 3977] exynos-pcie 13ed0000.pcie0: received Enter_L23_READY DLLP packet
11-27 18:31:52.841     0     0 E         : [2:dhd_rpm_state_t: 3977] exynos-pcie 13ed0000.pcie0: pcie clk enable, ret value = 0
11-27 18:31:52.861     0     0 E         : [2:dhd_rpm_state_t: 3977] exynos-pcie 13ed0000.pcie0: phy clk enable, ret value = 0
11-27 18:31:52.862     0     0 E         : [2:dhd_rpm_state_t: 3977] exynos-pcie 13ed0000.pcie0: l1ss disabled(0x10)
11-27 18:31:54.259  6771 13460 E WifiHAL : Creating message to get cached scan results
11-27 18:31:54.262  7187  7545 E WifiStaIfaceAidlImpl: getCachedScanData failed with service-specific exception: android.os.ServiceSpecificException:  (code 4)
11-27 18:31:56.150     0     0 E         : [1:dhd_rpm_state_t: 3977] exynos-pcie 13ed0000.pcie0: Current LTSSM State is 0xd with retry_cnt =0.
11-27 18:31:56.150     0     0 E         : [1:dhd_rpm_state_t: 3977] exynos-pcie 13ed0000.pcie0: ack message is ok
11-27 18:31:56.150     0     0 E         : [1:dhd_rpm_state_t: 3977] exynos-pcie 13ed0000.pcie0: received Enter_L23_READY DLLP packet
11-27 18:31:57.141     0     0 E         : [1:dhd_rpm_state_t: 3977] exynos-pcie 13ed0000.pcie0: pcie clk enable, ret value = 0
11-27 18:31:57.164     0     0 E         : [0:dhd_rpm_state_t: 3977] exynos-pcie 13ed0000.pcie0: phy clk enable, ret value = 0
11-27 18:31:57.165     0     0 E         : [0:dhd_rpm_state_t: 3977] exynos-pcie 13ed0000.pcie0: l1ss disabled(0x10)
11-27 18:31:57.358  6771 13460 E WifiHAL : Creating message to get cached scan results
11-27 18:31:57.359  7187  7545 E WifiStaIfaceAidlImpl: getCachedScanData failed with service-specific exception: android.os.ServiceSpecificException:  (code 4)
11-27 18:32:00.446  6771 13460 E WifiHAL : Creating message to get cached scan results
11-27 18:32:00.447  7187  7545 E WifiStaIfaceAidlImpl: getCachedScanData failed with service-specific exception: android.os.ServiceSpecificException:  (code 4)
11-27 18:32:02.232     0     0 E         : [3:dhd_rpm_state_t: 3977] exynos-pcie 13ed0000.pcie0: Current LTSSM State is 0xd with retry_cnt =0.
11-27 18:32:02.232     0     0 E         : [3:dhd_rpm_state_t: 3977] exynos-pcie 13ed0000.pcie0: ack message is ok
11-27 18:32:02.232     0     0 E         : [3:dhd_rpm_state_t: 3977] exynos-pcie 13ed0000.pcie0: received Enter_L23_READY DLLP packet
11-27 18:32:02.977     0     0 E         : [3:dhd_rpm_state_t: 3977] exynos-pcie 13ed0000.pcie0: pcie clk enable, ret value = 0
11-27 18:32:02.996     0     0 E         : [3:dhd_rpm_state_t: 3977] exynos-pcie 13ed0000.pcie0: phy clk enable, ret value = 0
11-27 18:32:02.997     0     0 E         : [3:dhd_rpm_state_t: 3977] exynos-pcie 13ed0000.pcie0: l1ss disabled(0x10)
11-27 18:32:03.543  6771  6771 E WifiHAL : Creating message to get cached scan results
11-27 18:32:03.544  7187  7545 E WifiStaIfaceAidlImpl: getCachedScanData failed with service-specific exception: android.os.ServiceSpecificException:  (code 4)
11-27 18:32:04.721     0     0 E         : [3:dhd_rpm_state_t: 3977] exynos-pcie 13ed0000.pcie0: Current LTSSM State is 0xd with retry_cnt =0.
11-27 18:32:04.721     0     0 E         : [3:dhd_rpm_state_t: 3977] exynos-pcie 13ed0000.pcie0: ack message is ok
11-27 18:32:04.721     0     0 E         : [3:dhd_rpm_state_t: 3977] exynos-pcie 13ed0000.pcie0: received Enter_L23_READY DLLP packet
11-27 18:32:05.127     0     0 E         : [3:dhd_rpm_state_t: 3977] exynos-pcie 13ed0000.pcie0: pcie clk enable, ret value = 0
11-27 18:32:05.148     0     0 E         : [0:dhd_rpm_state_t: 3977] exynos-pcie 13ed0000.pcie0: phy clk enable, ret value = 0
11-27 18:32:05.148     0     0 E         : [0:dhd_rpm_state_t: 3977] exynos-pcie 13ed0000.pcie0: l1ss disabled(0x10)
11-27 18:32:06.348     0     0 E         : [3:dhd_rpm_state_t: 3977] exynos-pcie 13ed0000.pcie0: Current LTSSM State is 0xd with retry_cnt =0.
11-27 18:32:06.348     0     0 E         : [3:dhd_rpm_state_t: 3977] exynos-pcie 13ed0000.pcie0: ack message is ok
11-27 18:32:06.348     0     0 E         : [3:dhd_rpm_state_t: 3977] exynos-pcie 13ed0000.pcie0: received Enter_L23_READY DLLP packet
11-27 18:32:06.593     0     0 E         : [3:dhd_rpm_state_t: 3977] exynos-pcie 13ed0000.pcie0: pcie clk enable, ret value = 0
11-27 18:32:06.612     0     0 E         : [3:dhd_rpm_state_t: 3977] exynos-pcie 13ed0000.pcie0: phy clk enable, ret value = 0
11-27 18:32:06.613     0     0 E         : [3:dhd_rpm_state_t: 3977] exynos-pcie 13ed0000.pcie0: l1ss disabled(0x10)
11-27 18:32:06.655  6771 13460 E WifiHAL : Creating message to get cached scan results
11-27 18:32:06.656  7187  7545 E WifiStaIfaceAidlImpl: getCachedScanData failed with service-specific exception: android.os.ServiceSpecificException:  (code 4)
11-27 18:32:08.127     0     0 E         : [3:dhd_rpm_state_t: 3977] exynos-pcie 13ed0000.pcie0: Current LTSSM State is 0xd with retry_cnt =0.
11-27 18:32:08.127     0     0 E         : [3:dhd_rpm_state_t: 3977] exynos-pcie 13ed0000.pcie0: ack message is ok
11-27 18:32:08.128     0     0 E         : [3:dhd_rpm_state_t: 3977] exynos-pcie 13ed0000.pcie0: received Enter_L23_READY DLLP packet
11-27 18:32:09.122     0     0 E         : [0:dhd_rpm_state_t: 3977] exynos-pcie 13ed0000.pcie0: pcie clk enable, ret value = 0
11-27 18:32:09.140     0     0 E         : [0:dhd_rpm_state_t: 3977] exynos-pcie 13ed0000.pcie0: phy clk enable, ret value = 0
11-27 18:32:09.141     0     0 E         : [0:dhd_rpm_state_t: 3977] exynos-pcie 13ed0000.pcie0: l1ss disabled(0x10)
11-27 18:32:09.758  6771 13460 E WifiHAL : Creating message to get cached scan results
11-27 18:32:09.758  7187  7545 E WifiStaIfaceAidlImpl: getCachedScanData failed with service-specific exception: android.os.ServiceSpecificException:  (code 4)
11-27 18:32:10.981     0     0 E         : [1:dhd_rpm_state_t: 3977] exynos-pcie 13ed0000.pcie0: Current LTSSM State is 0xd with retry_cnt =0.
11-27 18:32:10.981     0     0 E         : [1:dhd_rpm_state_t: 3977] exynos-pcie 13ed0000.pcie0: ack message is ok
11-27 18:32:10.981     0     0 E         : [1:dhd_rpm_state_t: 3977] exynos-pcie 13ed0000.pcie0: received Enter_L23_READY DLLP packet
11-27 18:32:10.981     0     0 E         : [1:dhd_rpm_state_t: 3977] exynos-pcie 13ed0000.pcie0: pcie clk enable, ret value = 0
11-27 18:32:11.001     0     0 E         : [1:dhd_rpm_state_t: 3977] exynos-pcie 13ed0000.pcie0: phy clk enable, ret value = 0
11-27 18:32:11.002     0     0 E         : [1:dhd_rpm_state_t: 3977] exynos-pcie 13ed0000.pcie0: l1ss disabled(0x10)
11-27 18:32:12.139     0     0 E         : [3:dhd_rpm_state_t: 3977] exynos-pcie 13ed0000.pcie0: Current LTSSM State is 0xd with retry_cnt =0.
11-27 18:32:12.139     0     0 E         : [3:dhd_rpm_state_t: 3977] exynos-pcie 13ed0000.pcie0: ack message is ok
11-27 18:32:12.139     0     0 E         : [3:dhd_rpm_state_t: 3977] exynos-pcie 13ed0000.pcie0: received Enter_L23_READY DLLP packet
11-27 18:32:12.828     0     0 E         : [1:dhd_rpm_state_t: 3977] exynos-pcie 13ed0000.pcie0: pcie clk enable, ret value = 0
11-27 18:32:12.848     0     0 E         : [3:dhd_rpm_state_t: 3977] exynos-pcie 13ed0000.pcie0: phy clk enable, ret value = 0
11-27 18:32:12.849     0     0 E         : [3:dhd_rpm_state_t: 3977] exynos-pcie 13ed0000.pcie0: l1ss disabled(0x10)
11-27 18:32:12.900  6771 13460 E WifiHAL : Creating message to get cached scan results
11-27 18:32:12.902  7187  7545 E WifiStaIfaceAidlImpl: getCachedScanData failed with service-specific exception: android.os.ServiceSpecificException:  (code 4)
11-27 18:32:14.248     0     0 E         : [3:dhd_rpm_state_t: 3977] exynos-pcie 13ed0000.pcie0: Current LTSSM State is 0xd with retry_cnt =0.
11-27 18:32:14.248     0     0 E         : [3:dhd_rpm_state_t: 3977] exynos-pcie 13ed0000.pcie0: ack message is ok
11-27 18:32:14.248     0     0 E         : [3:dhd_rpm_state_t: 3977] exynos-pcie 13ed0000.pcie0: received Enter_L23_READY DLLP packet
11-27 18:32:14.341     0     0 E         : [0:dhd_rpm_state_t: 3977] exynos-pcie 13ed0000.pcie0: pcie clk enable, ret value = 0
11-27 18:32:14.360     0     0 E         : [3:dhd_rpm_state_t: 3977] exynos-pcie 13ed0000.pcie0: phy clk enable, ret value = 0
11-27 18:32:14.361     0     0 E         : [3:dhd_rpm_state_t: 3977] exynos-pcie 13ed0000.pcie0: l1ss disabled(0x10)
11-27 18:32:16.013  6771 13460 E WifiHAL : Creating message to get cached scan results
11-27 18:32:16.018  7187  7545 E WifiStaIfaceAidlImpl: getCachedScanData failed with service-specific exception: android.os.ServiceSpecificException:  (code 4)
11-27 18:32:18.272     0     0 E         : [3:dhd_rpm_state_t: 3977] exynos-pcie 13ed0000.pcie0: Current LTSSM State is 0xd with retry_cnt =0.
11-27 18:32:18.272     0     0 E         : [3:dhd_rpm_state_t: 3977] exynos-pcie 13ed0000.pcie0: ack message is ok
11-27 18:32:18.272     0     0 E         : [3:dhd_rpm_state_t: 3977] exynos-pcie 13ed0000.pcie0: received Enter_L23_READY DLLP packet
11-27 18:32:19.075     0     0 E         : [3:dhd_rpm_state_t: 3977] exynos-pcie 13ed0000.pcie0: pcie clk enable, ret value = 0
11-27 18:32:19.096     0     0 E         : [3:dhd_rpm_state_t: 3977] exynos-pcie 13ed0000.pcie0: phy clk enable, ret value = 0
11-27 18:32:19.097     0     0 E         : [3:dhd_rpm_state_t: 3977] exynos-pcie 13ed0000.pcie0: l1ss disabled(0x10)
11-27 18:32:19.153  6771 13460 E WifiHAL : Creating message to get cached scan results
11-27 18:32:19.156  7187  7545 E WifiStaIfaceAidlImpl: getCachedScanData failed with service-specific exception: android.os.ServiceSpecificException:  (code 4)
11-27 18:32:20.402     0     0 E         : [1:dhd_rpm_state_t: 3977] exynos-pcie 13ed0000.pcie0: Current LTSSM State is 0xd with retry_cnt =0.
11-27 18:32:20.402     0     0 E         : [1:dhd_rpm_state_t: 3977] exynos-pcie 13ed0000.pcie0: ack message is ok
11-27 18:32:20.402     0     0 E         : [1:dhd_rpm_state_t: 3977] exynos-pcie 13ed0000.pcie0: received Enter_L23_READY DLLP packet
11-27 18:32:20.486     0     0 E         : [2:dhd_rpm_state_t: 3977] exynos-pcie 13ed0000.pcie0: pcie clk enable, ret value = 0
