11-27 18:34:28.243     0     0 E         : [3:dhd_rpm_state_t: 3977] exynos-pcie 13ed0000.pcie0: Current LTSSM State is 0xd with retry_cnt =0.
11-27 18:34:28.243     0     0 E         : [3:dhd_rpm_state_t: 3977] exynos-pcie 13ed0000.pcie0: ack message is ok
11-27 18:34:28.243     0     0 E         : [3:dhd_rpm_state_t: 3977] exynos-pcie 13ed0000.pcie0: received Enter_L23_READY DLLP packet
11-27 18:34:28.898     0     0 E         : [0:dhd_rpm_state_t: 3977] exynos-pcie 13ed0000.pcie0: pcie clk enable, ret value = 0
11-27 18:34:28.920     0     0 E         : [0:dhd_rpm_state_t: 3977] exynos-pcie 13ed0000.pcie0: phy clk enable, ret value = 0
11-27 18:34:28.921     0     0 E         : [0:dhd_rpm_state_t: 3977] exynos-pcie 13ed0000.pcie0: l1ss disabled(0x10)
11-27 18:34:30.123     0     0 E         : [2:dhd_rpm_state_t: 3977] exynos-pcie 13ed0000.pcie0: Current LTSSM State is 0xd with retry_cnt =0.
11-27 18:34:30.123     0     0 E         : [2:dhd_rpm_state_t: 3977] exynos-pcie 13ed0000.pcie0: ack message is ok
11-27 18:34:30.123     0     0 E         : [2:dhd_rpm_state_t: 3977] exynos-pcie 13ed0000.pcie0: received Enter_L23_READY DLLP packet
11-27 18:34:30.165     0     0 E         : [3:dhd_rpm_state_t: 3977] exynos-pcie 13ed0000.pcie0: pcie clk enable, ret value = 0
11-27 18:34:30.185     0     0 E         : [0:dhd_rpm_state_t: 3977] exynos-pcie 13ed0000.pcie0: phy clk enable, ret value = 0
11-27 18:34:30.185     0     0 E         : [0:dhd_rpm_state_t: 3977] exynos-pcie 13ed0000.pcie0: l1ss disabled(0x10)
11-27 18:34:30.236  6771  6771 E WifiHAL : Creating message to get cached scan results
11-27 18:34:30.237  7187  7545 E WifiStaIfaceAidlImpl: getCachedScanData failed with service-specific exception: android.os.ServiceSpecificException:  (code 4)
11-27 18:34:32.539     0     0 E         : [2:dhd_rpm_state_t: 3977] exynos-pcie 13ed0000.pcie0: Current LTSSM State is 0xd with retry_cnt =0.
11-27 18:34:32.540     0     0 E         : [2:dhd_rpm_state_t: 3977] exynos-pcie 13ed0000.pcie0: ack message is ok
11-27 18:34:32.540     0     0 E         : [2:dhd_rpm_state_t: 3977] exynos-pcie 13ed0000.pcie0: received Enter_L23_READY DLLP packet
11-27 18:34:32.582     0     0 E         : [2:dhd_rpm_state_t: 3977] exynos-pcie 13ed0000.pcie0: pcie clk enable, ret value = 0
11-27 18:34:32.603     0     0 E         : [2:dhd_rpm_state_t: 3977] exynos-pcie 13ed0000.pcie0: phy clk enable, ret value = 0
11-27 18:34:32.603     0     0 E         : [2:dhd_rpm_state_t: 3977] exynos-pcie 13ed0000.pcie0: l1ss disabled(0x10)
11-27 18:34:33.334  6771  6771 E WifiHAL : Creating message to get cached scan results
11-27 18:34:33.334  7187  7545 E WifiStaIfaceAidlImpl: getCachedScanData failed with service-specific exception: android.os.ServiceSpecificException:  (code 4)
11-27 18:34:34.532     0     0 E         : [3:dhd_rpm_state_t: 3977] exynos-pcie 13ed0000.pcie0: Current LTSSM State is 0xd with retry_cnt =0.
11-27 18:34:34.532     0     0 E         : [3:dhd_rpm_state_t: 3977] exynos-pcie 13ed0000.pcie0: ack message is ok
11-27 18:34:34.532     0     0 E         : [3:dhd_rpm_state_t: 3977] exynos-pcie 13ed0000.pcie0: received Enter_L23_READY DLLP packet
11-27 18:34:35.042     0     0 E         : [1:dhd_rpm_state_t: 3977] exynos-pcie 13ed0000.pcie0: pcie clk enable, ret value = 0
11-27 18:34:35.061     0     0 E         : [3:dhd_rpm_state_t: 3977] exynos-pcie 13ed0000.pcie0: phy clk enable, ret value = 0
11-27 18:34:35.061     0     0 E         : [3:dhd_rpm_state_t: 3977] exynos-pcie 13ed0000.pcie0: l1ss disabled(0x10)
11-27 18:34:36.442  6771  6771 E WifiHAL : Creating message to get cached scan results
11-27 18:34:36.443  7187  7545 E WifiStaIfaceAidlImpl: getCachedScanData failed with service-specific exception: android.os.ServiceSpecificException:  (code 4)
11-27 18:34:38.680     0     0 E         : [0:dhd_rpm_state_t: 3977] exynos-pcie 13ed0000.pcie0: Current LTSSM State is 0x14 with retry_cnt =0.
11-27 18:34:38.702     0     0 E         : [0:dhd_rpm_state_t: 3977] exynos-pcie 13ed0000.pcie0: cannot receive ack message from wifi
11-27 18:34:38.725     0     0 E         : [0:dhd_rpm_state_t: 3977] exynos-pcie 13ed0000.pcie0: Current LTSSM State is 0xd with retry_cnt =1.
11-27 18:34:38.725     0     0 E         : [0:dhd_rpm_state_t: 3977] exynos-pcie 13ed0000.pcie0: cannot receive ack message from wifi
11-27 18:34:38.725     0     0 E         : [0:dhd_rpm_state_t: 3977] exynos-pcie 13ed0000.pcie0: received Enter_L23_READY DLLP packet
11-27 18:34:39.035     0     0 E         : [3:dhd_rpm_state_t: 3977] exynos-pcie 13ed0000.pcie0: pcie clk enable, ret value = 0
11-27 18:34:39.055     0     0 E         : [0:dhd_rpm_state_t: 3977] exynos-pcie 13ed0000.pcie0: phy clk enable, ret value = 0
11-27 18:34:39.057     0     0 E         : [0:dhd_rpm_state_t: 3977] exynos-pcie 13ed0000.pcie0: l1ss disabled(0x10)
11-27 18:34:39.536  6771 13460 E WifiHAL : Creating message to get cached scan results
11-27 18:34:39.537  7187  7545 E WifiStaIfaceAidlImpl: getCachedScanData failed with service-specific exception: android.os.ServiceSpecificException:  (code 4)
11-27 18:34:40.682     0     0 E         : [3:dhd_rpm_state_t: 3977] exynos-pcie 13ed0000.pcie0: Current LTSSM State is 0xd with retry_cnt =0.
11-27 18:34:40.682     0     0 E         : [3:dhd_rpm_state_t: 3977] exynos-pcie 13ed0000.pcie0: ack message is ok
11-27 18:34:40.682     0     0 E         : [3:dhd_rpm_state_t: 3977] exynos-pcie 13ed0000.pcie0: received Enter_L23_READY DLLP packet
11-27 18:34:40.881     0     0 E         : [2:dhd_rpm_state_t: 3977] exynos-pcie 13ed0000.pcie0: pcie clk enable, ret value = 0
11-27 18:34:40.900     0     0 E         : [2:dhd_rpm_state_t: 3977] exynos-pcie 13ed0000.pcie0: phy clk enable, ret value = 0
11-27 18:34:40.901     0     0 E         : [2:dhd_rpm_state_t: 3977] exynos-pcie 13ed0000.pcie0: l1ss disabled(0x10)
11-27 18:34:42.103     0     0 E         : [3:dhd_rpm_state_t: 3977] exynos-pcie 13ed0000.pcie0: Current LTSSM State is 0xd with retry_cnt =0.
11-27 18:34:42.104     0     0 E         : [3:dhd_rpm_state_t: 3977] exynos-pcie 13ed0000.pcie0: ack message is ok
11-27 18:34:42.104     0     0 E         : [3:dhd_rpm_state_t: 3977] exynos-pcie 13ed0000.pcie0: received Enter_L23_READY DLLP packet
11-27 18:34:42.590     0     0 E         : [2:dhd_rpm_state_t: 3977] exynos-pcie 13ed0000.pcie0: pcie clk enable, ret value = 0
11-27 18:34:42.610     0     0 E         : [3:dhd_rpm_state_t: 3977] exynos-pcie 13ed0000.pcie0: phy clk enable, ret value = 0
11-27 18:34:42.610     0     0 E         : [3:dhd_rpm_state_t: 3977] exynos-pcie 13ed0000.pcie0: l1ss disabled(0x10)
11-27 18:34:42.671  6771  6771 E WifiHAL : Creating message to get cached scan results
11-27 18:34:42.671  7187  7545 E WifiStaIfaceAidlImpl: getCachedScanData failed with service-specific exception: android.os.ServiceSpecificException:  (code 4)
11-27 18:34:44.125     0     0 E         : [3:dhd_rpm_state_t: 3977] exynos-pcie 13ed0000.pcie0: Current LTSSM State is 0xd with retry_cnt =0.
11-27 18:34:44.125     0     0 E         : [3:dhd_rpm_state_t: 3977] exynos-pcie 13ed0000.pcie0: ack message is ok
11-27 18:34:44.125     0     0 E         : [3:dhd_rpm_state_t: 3977] exynos-pcie 13ed0000.pcie0: received Enter_L23_READY DLLP packet
11-27 18:34:44.872     0     0 E         : [3:dhd_rpm_state_t: 3977] exynos-pcie 13ed0000.pcie0: pcie clk enable, ret value = 0
11-27 18:34:44.892     0     0 E         : [2:dhd_rpm_state_t: 3977] exynos-pcie 13ed0000.pcie0: phy clk enable, ret value = 0
11-27 18:34:44.893     0     0 E         : [2:dhd_rpm_state_t: 3977] exynos-pcie 13ed0000.pcie0: l1ss disabled(0x10)
11-27 18:34:45.779  6771  6771 E WifiHAL : Creating message to get cached scan results
11-27 18:34:45.781  7187  7545 E WifiStaIfaceAidlImpl: getCachedScanData failed with service-specific exception: android.os.ServiceSpecificException:  (code 4)
11-27 18:34:46.930     0     0 E         : [0:dhd_rpm_state_t: 3977] exynos-pcie 13ed0000.pcie0: Current LTSSM State is 0xd with retry_cnt =0.
11-27 18:34:46.930     0     0 E         : [0:dhd_rpm_state_t: 3977] exynos-pcie 13ed0000.pcie0: ack message is ok
11-27 18:34:46.930     0     0 E         : [0:dhd_rpm_state_t: 3977] exynos-pcie 13ed0000.pcie0: received Enter_L23_READY DLLP packet
11-27 18:34:47.023     0     0 E         : [1:dhd_rpm_state_t: 3977] exynos-pcie 13ed0000.pcie0: pcie clk enable, ret value = 0
11-27 18:34:47.043     0     0 E         : [0:dhd_rpm_state_t: 3977] exynos-pcie 13ed0000.pcie0: phy clk enable, ret value = 0
11-27 18:34:47.044     0     0 E         : [0:dhd_rpm_state_t: 3977] exynos-pcie 13ed0000.pcie0: l1ss disabled(0x10)
11-27 18:34:48.241     0     0 E         : [0:dhd_rpm_state_t: 3977] exynos-pcie 13ed0000.pcie0: Current LTSSM State is 0xd with retry_cnt =0.
11-27 18:34:48.241     0     0 E         : [0:dhd_rpm_state_t: 3977] exynos-pcie 13ed0000.pcie0: ack message is ok
11-27 18:34:48.241     0     0 E         : [0:dhd_rpm_state_t: 3977] exynos-pcie 13ed0000.pcie0: received Enter_L23_READY DLLP packet
11-27 18:34:48.837     0     0 E         : [1:dhd_rpm_state_t: 3977] exynos-pcie 13ed0000.pcie0: pcie clk enable, ret value = 0
11-27 18:34:48.857     0     0 E         : [0:dhd_rpm_state_t: 3977] exynos-pcie 13ed0000.pcie0: phy clk enable, ret value = 0
11-27 18:34:48.858     0     0 E         : [0:dhd_rpm_state_t: 3977] exynos-pcie 13ed0000.pcie0: l1ss disabled(0x10)
11-27 18:34:48.918  6771  6771 E WifiHAL : Creating message to get cached scan results
11-27 18:34:48.922  7187  7545 E WifiStaIfaceAidlImpl: getCachedScanData failed with service-specific exception: android.os.ServiceSpecificException:  (code 4)
11-27 18:34:49.495     0     0 E         : [3:bluetooth@1.0-s: 6743] [BT] set_wake_locked value = 1
11-27 18:34:50.160     0     0 E         : [2:dhd_rpm_state_t: 3977] exynos-pcie 13ed0000.pcie0: Current LTSSM State is 0xd with retry_cnt =0.
11-27 18:34:50.160     0     0 E         : [2:dhd_rpm_state_t: 3977] exynos-pcie 13ed0000.pcie0: ack message is ok
11-27 18:34:50.160     0     0 E         : [2:dhd_rpm_state_t: 3977] exynos-pcie 13ed0000.pcie0: received Enter_L23_READY DLLP packet
11-27 18:34:50.505     0     0 E         : I[3:       1.raster:15885] [BT] set_wake_locked value = 0
11-27 18:34:51.016     0     0 E         : [3:dhd_rpm_state_t: 3977] exynos-pcie 13ed0000.pcie0: pcie clk enable, ret value = 0
11-27 18:34:51.036     0     0 E         : [0:dhd_rpm_state_t: 3977] exynos-pcie 13ed0000.pcie0: phy clk enable, ret value = 0
11-27 18:34:51.037     0     0 E         : [0:dhd_rpm_state_t: 3977] exynos-pcie 13ed0000.pcie0: l1ss disabled(0x10)
11-27 18:34:52.027  6771  6771 E WifiHAL : Creating message to get cached scan results
11-27 18:34:52.029  7187  7545 E WifiStaIfaceAidlImpl: getCachedScanData failed with service-specific exception: android.os.ServiceSpecificException:  (code 4)
11-27 18:34:54.020     0     0 E         : [2:dhd_rpm_state_t: 3977] exynos-pcie 13ed0000.pcie0: Current LTSSM State is 0xd with retry_cnt =0.
11-27 18:34:54.020     0     0 E         : [2:dhd_rpm_state_t: 3977] exynos-pcie 13ed0000.pcie0: ack message is ok
11-27 18:34:54.020     0     0 E         : [2:dhd_rpm_state_t: 3977] exynos-pcie 13ed0000.pcie0: received Enter_L23_READY DLLP packet
11-27 18:34:55.010     0     0 E         : [2:dhd_rpm_state_t: 3977] exynos-pcie 13ed0000.pcie0: pcie clk enable, ret value = 0
11-27 18:34:55.032     0     0 E         : [2:dhd_rpm_state_t: 3977] exynos-pcie 13ed0000.pcie0: phy clk enable, ret value = 0
11-27 18:34:55.034     0     0 E         : [2:dhd_rpm_state_t: 3977] exynos-pcie 13ed0000.pcie0: l1ss disabled(0x10)
11-27 18:34:55.130  6771 13460 E WifiHAL : Creating message to get cached scan results
11-27 18:34:55.132  7187  7545 E WifiStaIfaceAidlImpl: getCachedScanData failed with service-specific exception: android.os.ServiceSpecificException:  (code 4)
11-27 18:34:56.346     0     0 E         : [1:dhd_rpm_state_t: 3977] exynos-pcie 13ed0000.pcie0: Current LTSSM State is 0xd with retry_cnt =0.
11-27 18:34:56.346     0     0 E         : [1:dhd_rpm_state_t: 3977] exynos-pcie 13ed0000.pcie0: ack message is ok
11-27 18:34:56.346     0     0 E         : [1:dhd_rpm_state_t: 3977] exynos-pcie 13ed0000.pcie0: received Enter_L23_READY DLLP packet
11-27 18:34:56.853     0     0 E         : [3:dhd_rpm_state_t: 3977] exynos-pcie 13ed0000.pcie0: pcie clk enable, ret value = 0
11-27 18:34:56.872     0     0 E         : [3:dhd_rpm_state_t: 3977] exynos-pcie 13ed0000.pcie0: phy clk enable, ret value = 0
11-27 18:34:56.873     0     0 E         : [3:dhd_rpm_state_t: 3977] exynos-pcie 13ed0000.pcie0: l1ss disabled(0x10)
11-27 18:34:58.076     0     0 E         : [3:dhd_rpm_state_t: 3977] exynos-pcie 13ed0000.pcie0: Current LTSSM State is 0xd with retry_cnt =0.
11-27 18:34:58.077     0     0 E         : [3:dhd_rpm_state_t: 3977] exynos-pcie 13ed0000.pcie0: ack message is ok
11-27 18:34:58.077     0     0 E         : [3:dhd_rpm_state_t: 3977] exynos-pcie 13ed0000.pcie0: received Enter_L23_READY DLLP packet
11-27 18:34:58.198     0     0 E         : [1:dhd_rpm_state_t: 3977] exynos-pcie 13ed0000.pcie0: pcie clk enable, ret value = 0
11-27 18:34:58.219     0     0 E         : [3:dhd_rpm_state_t: 3977] exynos-pcie 13ed0000.pcie0: phy clk enable, ret value = 0
11-27 18:34:58.220     0     0 E         : [3:dhd_rpm_state_t: 3977] exynos-pcie 13ed0000.pcie0: l1ss disabled(0x10)
11-27 18:34:58.275  6771 13460 E WifiHAL : Creating message to get cached scan results
11-27 18:34:58.277  7187  7545 E WifiStaIfaceAidlImpl: getCachedScanData failed with service-specific exception: android.os.ServiceSpecificException:  (code 4)
11-27 18:35:00.152     0     0 E         : [3:dhd_rpm_state_t: 3977] exynos-pcie 13ed0000.pcie0: Current LTSSM State is 0xd with retry_cnt =0.
11-27 18:35:00.152     0     0 E         : [3:dhd_rpm_state_t: 3977] exynos-pcie 13ed0000.pcie0: ack message is ok
11-27 18:35:00.152     0     0 E         : [3:dhd_rpm_state_t: 3977] exynos-pcie 13ed0000.pcie0: received Enter_L23_READY DLLP packet
11-27 18:35:00.230     0     0 E         : [3:dhd_rpm_state_t: 3977] exynos-pcie 13ed0000.pcie0: pcie clk enable, ret value = 0
11-27 18:35:00.250     0     0 E         : [3:dhd_rpm_state_t: 3977] exynos-pcie 13ed0000.pcie0: phy clk enable, ret value = 0
11-27 18:35:00.251     0     0 E         : [3:dhd_rpm_state_t: 3977] exynos-pcie 13ed0000.pcie0: l1ss disabled(0x10)
11-27 18:35:01.383  6771 13460 E WifiHAL : Creating message to get cached scan results
11-27 18:35:01.384  7187  7545 E WifiStaIfaceAidlImpl: getCachedScanData failed with service-specific exception: android.os.ServiceSpecificException:  (code 4)
11-27 18:35:04.538  6771 13460 E WifiHAL : Creating message to get cached scan results
11-27 18:35:04.539  7187  7545 E WifiStaIfaceAidlImpl: getCachedScanData failed with service-specific exception: android.os.ServiceSpecificException:  (code 4)
11-27 18:35:07.644  6771 13460 E WifiHAL : Creating message to get cached scan results
11-27 18:35:07.647  7187  7545 E WifiStaIfaceAidlImpl: getCachedScanData failed with service-specific exception: android.os.ServiceSpecificException:  (code 4)
11-27 18:35:08.791     0     0 E         : [0:dhd_rpm_state_t: 3977] exynos-pcie 13ed0000.pcie0: Current LTSSM State is 0xd with retry_cnt =0.
11-27 18:35:08.791     0     0 E         : [0:dhd_rpm_state_t: 3977] exynos-pcie 13ed0000.pcie0: ack message is ok
11-27 18:35:08.791     0     0 E         : [0:dhd_rpm_state_t: 3977] exynos-pcie 13ed0000.pcie0: received Enter_L23_READY DLLP packet
11-27 18:35:08.834     0     0 E         : [3:dhd_rpm_state_t: 3977] exynos-pcie 13ed0000.pcie0: pcie clk enable, ret value = 0
11-27 18:35:08.853     0     0 E         : [0:dhd_rpm_state_t: 3977] exynos-pcie 13ed0000.pcie0: phy clk enable, ret value = 0
11-27 18:35:08.854     0     0 E         : [0:dhd_rpm_state_t: 3977] exynos-pcie 13ed0000.pcie0: l1ss disabled(0x10)
11-27 18:35:10.060     0     0 E         : [3:dhd_rpm_state_t: 3977] exynos-pcie 13ed0000.pcie0: Current LTSSM State is 0xd with retry_cnt =0.
11-27 18:35:10.060     0     0 E         : [3:dhd_rpm_state_t: 3977] exynos-pcie 13ed0000.pcie0: ack message is ok
11-27 18:35:10.060     0     0 E         : [3:dhd_rpm_state_t: 3977] exynos-pcie 13ed0000.pcie0: received Enter_L23_READY DLLP packet
11-27 18:35:10.705     0     0 E         : [3:dhd_rpm_state_t: 3977] exynos-pcie 13ed0000.pcie0: pcie clk enable, ret value = 0
11-27 18:35:10.726     0     0 E         : [0:dhd_rpm_state_t: 3977] exynos-pcie 13ed0000.pcie0: phy clk enable, ret value = 0
11-27 18:35:10.727     0     0 E         : [0:dhd_rpm_state_t: 3977] exynos-pcie 13ed0000.pcie0: l1ss disabled(0x10)
11-27 18:35:10.789  6771 13460 E WifiHAL : Creating message to get cached scan results
11-27 18:35:10.789  7187  7545 E WifiStaIfaceAidlImpl: getCachedScanData failed with service-specific exception: android.os.ServiceSpecificException:  (code 4)
11-27 18:35:12.144     0     0 E         : [2:dhd_rpm_state_t: 3977] exynos-pcie 13ed0000.pcie0: Current LTSSM State is 0xd with retry_cnt =0.
11-27 18:35:12.144     0     0 E         : [2:dhd_rpm_state_t: 3977] exynos-pcie 13ed0000.pcie0: ack message is ok
11-27 18:35:12.144     0     0 E         : [2:dhd_rpm_state_t: 3977] exynos-pcie 13ed0000.pcie0: received Enter_L23_READY DLLP packet
11-27 18:35:12.211     0     0 E         : [1:dhd_rpm_state_t: 3977] exynos-pcie 13ed0000.pcie0: pcie clk enable, ret value = 0
11-27 18:35:12.230     0     0 E         : [3:dhd_rpm_state_t: 3977] exynos-pcie 13ed0000.pcie0: phy clk enable, ret value = 0
11-27 18:35:12.230     0     0 E         : [3:dhd_rpm_state_t: 3977] exynos-pcie 13ed0000.pcie0: l1ss disabled(0x10)
11-27 18:35:13.903  6771 13460 E WifiHAL : Creating message to get cached scan results
11-27 18:35:13.904  7187  7545 E WifiStaIfaceAidlImpl: getCachedScanData failed with service-specific exception: android.os.ServiceSpecificException:  (code 4)
11-27 18:35:16.148     0     0 E         : [3:dhd_rpm_state_t: 3977] exynos-pcie 13ed0000.pcie0: Current LTSSM State is 0xd with retry_cnt =0.
11-27 18:35:16.148     0     0 E         : [3:dhd_rpm_state_t: 3977] exynos-pcie 13ed0000.pcie0: ack message is ok
11-27 18:35:16.148     0     0 E         : [3:dhd_rpm_state_t: 3977] exynos-pcie 13ed0000.pcie0: received Enter_L23_READY DLLP packet
11-27 18:35:16.958     0     0 E         : [3:dhd_rpm_state_t: 3977] exynos-pcie 13ed0000.pcie0: pcie clk enable, ret value = 0
11-27 18:35:16.976     0     0 E         : [3:dhd_rpm_state_t: 3977] exynos-pcie 13ed0000.pcie0: phy clk enable, ret value = 0
11-27 18:35:16.977     0     0 E         : [3:dhd_rpm_state_t: 3977] exynos-pcie 13ed0000.pcie0: l1ss disabled(0x10)
11-27 18:35:17.033  6771  6771 E WifiHAL : Creating message to get cached scan results
11-27 18:35:17.035  7187  7545 E WifiStaIfaceAidlImpl: getCachedScanData failed with service-specific exception: android.os.ServiceSpecificException:  (code 4)
11-27 18:35:17.697     0     0 E I[3:       1.raster:15885] mif: gather_multi_frame: umts_ipc0<-s5000ap: start of multi-frame (ID:1 len:562)
11-27 18:35:17.697     0     0 E I[3:       1.raster:15885] mif: gather_multi_frame: umts_ipc0<-s5000ap: recv multi-frame (ID:1 rcvd:512)
11-27 18:35:17.697     0     0 E I[3:       1.raster:15885] mif: gather_multi_frame: umts_ipc0<-s5000ap: end of multi-frame (ID:1 rcvd:50)
11-27 18:35:18.283     0     0 E         : [2:dhd_rpm_state_t: 3977] exynos-pcie 13ed0000.pcie0: Current LTSSM State is 0xd with retry_cnt =0.
11-27 18:35:18.283     0     0 E         : [2:dhd_rpm_state_t: 3977] exynos-pcie 13ed0000.pcie0: ack message is ok
11-27 18:35:18.283     0     0 E         : [2:dhd_rpm_state_t: 3977] exynos-pcie 13ed0000.pcie0: received Enter_L23_READY DLLP packet
11-27 18:35:19.074     0     0 E         : [1:dhd_rpm_state_t: 3977] exynos-pcie 13ed0000.pcie0: pcie clk enable, ret value = 0
11-27 18:35:19.095     0     0 E         : [3:dhd_rpm_state_t: 3977] exynos-pcie 13ed0000.pcie0: phy clk enable, ret value = 0
11-27 18:35:19.095     0     0 E         : [3:dhd_rpm_state_t: 3977] exynos-pcie 13ed0000.pcie0: l1ss disabled(0x10)
11-27 18:35:20.150  6771  6771 E WifiHAL : Creating message to get cached scan results
11-27 18:35:20.150  7187  7545 E WifiStaIfaceAidlImpl: getCachedScanData failed with service-specific exception: android.os.ServiceSpecificException:  (code 4)
11-27 18:35:21.340     0     0 E         : [3:dhd_rpm_state_t: 3977] exynos-pcie 13ed0000.pcie0: Current LTSSM State is 0xd with retry_cnt =0.
11-27 18:35:21.340     0     0 E         : [3:dhd_rpm_state_t: 3977] exynos-pcie 13ed0000.pcie0: ack message is ok
11-27 18:35:21.340     0     0 E         : [3:dhd_rpm_state_t: 3977] exynos-pcie 13ed0000.pcie0: received Enter_L23_READY DLLP packet
11-27 18:35:22.965     0     0 E         : [0:dhd_rpm_state_t: 3977] exynos-pcie 13ed0000.pcie0: pcie clk enable, ret value = 0
11-27 18:35:22.984     0     0 E         : [3:dhd_rpm_state_t: 3977] exynos-pcie 13ed0000.pcie0: phy clk enable, ret value = 0
11-27 18:35:22.985     0     0 E         : [3:dhd_rpm_state_t: 3977] exynos-pcie 13ed0000.pcie0: l1ss disabled(0x10)
11-27 18:35:23.261  6771  6771 E WifiHAL : Creating message to get cached scan results
11-27 18:35:23.263  7187  7545 E WifiStaIfaceAidlImpl: getCachedScanData failed with service-specific exception: android.os.ServiceSpecificException:  (code 4)
11-27 18:35:24.501     0     0 E         : [1:dhd_rpm_state_t: 3977] exynos-pcie 13ed0000.pcie0: Current LTSSM State is 0xd with retry_cnt =0.
11-27 18:35:24.501     0     0 E         : [1:dhd_rpm_state_t: 3977] exynos-pcie 13ed0000.pcie0: ack message is ok
11-27 18:35:24.501     0     0 E         : [1:dhd_rpm_state_t: 3977] exynos-pcie 13ed0000.pcie0: received Enter_L23_READY DLLP packet
11-27 18:35:25.116     0     0 E         : [2:dhd_rpm_state_t: 3977] exynos-pcie 13ed0000.pcie0: pcie clk enable, ret value = 0
11-27 18:35:25.136     0     0 E         : [1:dhd_rpm_state_t: 3977] exynos-pcie 13ed0000.pcie0: phy clk enable, ret value = 0
11-27 18:35:25.137     0     0 E         : [1:dhd_rpm_state_t: 3977] exynos-pcie 13ed0000.pcie0: l1ss disabled(0x10)
11-27 18:35:26.344     0     0 E         : [1:dhd_rpm_state_t: 3977] exynos-pcie 13ed0000.pcie0: Current LTSSM State is 0xd with retry_cnt =0.
11-27 18:35:26.344     0     0 E         : [1:dhd_rpm_state_t: 3977] exynos-pcie 13ed0000.pcie0: ack message is ok
11-27 18:35:26.344     0     0 E         : [1:dhd_rpm_state_t: 3977] exynos-pcie 13ed0000.pcie0: received Enter_L23_READY DLLP packet
11-27 18:35:26.345     0     0 E         : [1:dhd_rpm_state_t: 3977] exynos-pcie 13ed0000.pcie0: pcie clk enable, ret value = 0
11-27 18:35:26.364     0     0 E         : [3:dhd_rpm_state_t: 3977] exynos-pcie 13ed0000.pcie0: phy clk enable, ret value = 0
11-27 18:35:26.365     0     0 E         : [3:dhd_rpm_state_t: 3977] exynos-pcie 13ed0000.pcie0: l1ss disabled(0x10)
11-27 18:35:26.421  6771  6771 E IPCThreadState: binder thread pool (1 threads) starved for 106 ms
11-27 18:35:26.423  6771  6771 E WifiHAL : Creating message to get cached scan results
11-27 18:35:26.423  7187  7545 E WifiStaIfaceAidlImpl: getCachedScanData failed with service-specific exception: android.os.ServiceSpecificException:  (code 4)
11-27 18:35:29.536  6771  6771 E WifiHAL : Creating message to get cached scan results
11-27 18:35:29.538  7187  7545 E WifiStaIfaceAidlImpl: getCachedScanData failed with service-specific exception: android.os.ServiceSpecificException:  (code 4)
11-27 18:35:30.745     0     0 E         : [0:dhd_rpm_state_t: 3977] exynos-pcie 13ed0000.pcie0: Current LTSSM State is 0xd with retry_cnt =0.
11-27 18:35:30.745     0     0 E         : [0:dhd_rpm_state_t: 3977] exynos-pcie 13ed0000.pcie0: ack message is ok
11-27 18:35:30.745     0     0 E         : [0:dhd_rpm_state_t: 3977] exynos-pcie 13ed0000.pcie0: received Enter_L23_READY DLLP packet
11-27 18:35:30.952     0     0 E         : [3:dhd_rpm_state_t: 3977] exynos-pcie 13ed0000.pcie0: pcie clk enable, ret value = 0
11-27 18:35:30.972     0     0 E         : [3:dhd_rpm_state_t: 3977] exynos-pcie 13ed0000.pcie0: phy clk enable, ret value = 0
11-27 18:35:30.973     0     0 E         : [3:dhd_rpm_state_t: 3977] exynos-pcie 13ed0000.pcie0: l1ss disabled(0x10)
11-27 18:35:31.686 12559 12664 E Cello   : [12664:NonCelloThread] drive_v2_cloud_store.cc:6855:DumpToLog Request 0xb400007897263a50: 0 transport: drive::ds::Status::UNAVAILABLE_WHILE_OFFLINE reader: drive::ds::Status::SUCCESS url: https://play.googleapis.com/log
11-27 18:35:31.686 12559 12664 E Cello   : [12664:NonCelloThread] drive_v2_cloud_store.cc:6855:DumpToLog req.hdr 0xb400007897263a50: Content-Type=
11-27 18:35:31.686 12559 12664 E Cello   : [12664:NonCelloThread] drive_v2_cloud_store.cc:6855:DumpToLog Response body 0xb400007897263a50: (no response body)
11-27 18:35:31.689 12559 12666 E Cello   : [12666:MetricsTransportThread-CELLO] metrics_transport.cc:242:SendRequest Request failed: drive::ds::Status::UNAVAILABLE_WHILE_OFFLINE
11-27 18:35:32.171     0     0 E         : [1:dhd_rpm_state_t: 3977] exynos-pcie 13ed0000.pcie0: Current LTSSM State is 0xd with retry_cnt =0.
11-27 18:35:32.171     0     0 E         : [1:dhd_rpm_state_t: 3977] exynos-pcie 13ed0000.pcie0: ack message is ok
11-27 18:35:32.172     0     0 E         : [1:dhd_rpm_state_t: 3977] exynos-pcie 13ed0000.pcie0: received Enter_L23_READY DLLP packet
11-27 18:35:32.593     0     0 E         : [0:dhd_rpm_state_t: 3977] exynos-pcie 13ed0000.pcie0: pcie clk enable, ret value = 0
11-27 18:35:32.612     0     0 E         : [2:dhd_rpm_state_t: 3977] exynos-pcie 13ed0000.pcie0: phy clk enable, ret value = 0
11-27 18:35:32.614     0     0 E         : [2:dhd_rpm_state_t: 3977] exynos-pcie 13ed0000.pcie0: l1ss disabled(0x10)
11-27 18:35:32.670  6771 13460 E WifiHAL : Creating message to get cached scan results
11-27 18:35:32.671  7187  7545 E WifiStaIfaceAidlImpl: getCachedScanData failed with service-specific exception: android.os.ServiceSpecificException:  (code 4)
11-27 18:35:34.232     0     0 E         : [3:dhd_rpm_state_t: 3977] exynos-pcie 13ed0000.pcie0: Current LTSSM State is 0xd with retry_cnt =0.
11-27 18:35:34.232     0     0 E         : [3:dhd_rpm_state_t: 3977] exynos-pcie 13ed0000.pcie0: ack message is ok
11-27 18:35:34.232     0     0 E         : [3:dhd_rpm_state_t: 3977] exynos-pcie 13ed0000.pcie0: received Enter_L23_READY DLLP packet
11-27 18:35:34.946     0     0 E         : [2:dhd_rpm_state_t: 3977] exynos-pcie 13ed0000.pcie0: pcie clk enable, ret value = 0
11-27 18:35:34.966     0     0 E         : [1:dhd_rpm_state_t: 3977] exynos-pcie 13ed0000.pcie0: phy clk enable, ret value = 0
11-27 18:35:34.967     0     0 E         : [1:dhd_rpm_state_t: 3977] exynos-pcie 13ed0000.pcie0: l1ss disabled(0x10)
11-27 18:35:35.776  6771  6771 E WifiHAL : Creating message to get cached scan results
11-27 18:35:35.777  7187  7545 E WifiStaIfaceAidlImpl: getCachedScanData failed with service-specific exception: android.os.ServiceSpecificException:  (code 4)
11-27 18:35:37.013     0     0 E         : [0:dhd_rpm_state_t: 3977] exynos-pcie 13ed0000.pcie0: Current LTSSM State is 0xd with retry_cnt =0.
11-27 18:35:37.013     0     0 E         : [0:dhd_rpm_state_t: 3977] exynos-pcie 13ed0000.pcie0: ack message is ok
11-27 18:35:37.013     0     0 E         : [0:dhd_rpm_state_t: 3977] exynos-pcie 13ed0000.pcie0: received Enter_L23_READY DLLP packet
11-27 18:35:37.096     0     0 E         : [0:dhd_rpm_state_t: 3977] exynos-pcie 13ed0000.pcie0: pcie clk enable, ret value = 0
11-27 18:35:37.116     0     0 E         : [3:dhd_rpm_state_t: 3977] exynos-pcie 13ed0000.pcie0: phy clk enable, ret value = 0
11-27 18:35:37.117     0     0 E         : [3:dhd_rpm_state_t: 3977] exynos-pcie 13ed0000.pcie0: l1ss disabled(0x10)
11-27 18:35:38.316     0     0 E         : [2:dhd_rpm_state_t: 3977] exynos-pcie 13ed0000.pcie0: Current LTSSM State is 0xd with retry_cnt =0.
11-27 18:35:38.316     0     0 E         : [2:dhd_rpm_state_t: 3977] exynos-pcie 13ed0000.pcie0: ack message is ok
11-27 18:35:38.316     0     0 E         : [2:dhd_rpm_state_t: 3977] exynos-pcie 13ed0000.pcie0: received Enter_L23_READY DLLP packet
11-27 18:35:38.832     0     0 E         : [3:dhd_rpm_state_t: 3977] exynos-pcie 13ed0000.pcie0: pcie clk enable, ret value = 0
11-27 18:35:38.852     0     0 E         : [1:dhd_rpm_state_t: 3977] exynos-pcie 13ed0000.pcie0: phy clk enable, ret value = 0
11-27 18:35:38.853     0     0 E         : [1:dhd_rpm_state_t: 3977] exynos-pcie 13ed0000.pcie0: l1ss disabled(0x10)
11-27 18:35:38.915  6771  6771 E WifiHAL : Creating message to get cached scan results
11-27 18:35:38.916  7187  7545 E WifiStaIfaceAidlImpl: getCachedScanData failed with service-specific exception: android.os.ServiceSpecificException:  (code 4)
11-27 18:35:42.018  6771  6771 E WifiHAL : Creating message to get cached scan results
11-27 18:35:42.021  7187  7545 E WifiStaIfaceAidlImpl: getCachedScanData failed with service-specific exception: android.os.ServiceSpecificException:  (code 4)
11-27 18:35:44.340     0     0 E         : [3:dhd_rpm_state_t: 3977] exynos-pcie 13ed0000.pcie0: Current LTSSM State is 0xd with retry_cnt =0.
11-27 18:35:44.340     0     0 E         : [3:dhd_rpm_state_t: 3977] exynos-pcie 13ed0000.pcie0: ack message is ok
11-27 18:35:44.340     0     0 E         : [3:dhd_rpm_state_t: 3977] exynos-pcie 13ed0000.pcie0: received Enter_L23_READY DLLP packet
11-27 18:35:45.076     0     0 E         : [3:dhd_rpm_state_t: 3977] exynos-pcie 13ed0000.pcie0: pcie clk enable, ret value = 0
11-27 18:35:45.094     0     0 E         : [0:dhd_rpm_state_t: 3977] exynos-pcie 13ed0000.pcie0: phy clk enable, ret value = 0
11-27 18:35:45.096     0     0 E         : [0:dhd_rpm_state_t: 3977] exynos-pcie 13ed0000.pcie0: l1ss disabled(0x10)
11-27 18:35:45.165  6771  6771 E WifiHAL : Creating message to get cached scan results
11-27 18:35:45.166  7187  7545 E WifiStaIfaceAidlImpl: getCachedScanData failed with service-specific exception: android.os.ServiceSpecificException:  (code 4)
11-27 18:35:46.407     0     0 E         : [3:dhd_rpm_state_t: 3977] exynos-pcie 13ed0000.pcie0: Current LTSSM State is 0xd with retry_cnt =0.
11-27 18:35:46.408     0     0 E         : [3:dhd_rpm_state_t: 3977] exynos-pcie 13ed0000.pcie0: ack message is ok
11-27 18:35:46.408     0     0 E         : [3:dhd_rpm_state_t: 3977] exynos-pcie 13ed0000.pcie0: received Enter_L23_READY DLLP packet
11-27 18:35:46.927     0     0 E         : [2:dhd_rpm_state_t: 3977] exynos-pcie 13ed0000.pcie0: pcie clk enable, ret value = 0
11-27 18:35:46.947     0     0 E         : [3:dhd_rpm_state_t: 3977] exynos-pcie 13ed0000.pcie0: phy clk enable, ret value = 0
11-27 18:35:46.948     0     0 E         : [3:dhd_rpm_state_t: 3977] exynos-pcie 13ed0000.pcie0: l1ss disabled(0x10)
